{"timestamp":"2026-08-02T19:46:22.298752Z","level":"info","event":"Filling up the DagBag from /opt/airflow/dags/10_schedule_delta.py","logger":"airflow.dag_processing.dagbag.BundleDagBag","filename":"dagbag.py","lineno":460}
{"timestamp":"2026-08-02T19:46:22.305033Z","level":"error","event":"Failed to import: /opt/airflow/dags/10_schedule_delta.py","logger":"airflow.dag_processing.importers.python_importer","filename":"python_importer.py","lineno":244,"error_detail":[{"exc_type":"SyntaxError","exc_value":"'(' was never closed (10_schedule_delta.py, line 5)","exc_notes":[],"syntax_error":{"offset":5,"filename":"/opt/airflow/dags/10_schedule_delta.py","line":"@dag(\n","lineno":5,"msg":"'(' was never closed"},"is_cause":false,"frames":[{"filename":"/home/airflow/.local/lib/python3.13/site-packages/airflow/dag_processing/importers/python_importer.py","lineno":238,"name":"parse"},{"filename":"<frozen importlib._bootstrap_external>","lineno":1019,"name":"exec_module"},{"filename":"<frozen importlib._bootstrap_external>","lineno":1157,"name":"get_code"},{"filename":"<frozen importlib._bootstrap_external>","lineno":1087,"name":"source_to_code"},{"filename":"<frozen importlib._bootstrap>","lineno":488,"name":"_call_with_frames_removed"}],"is_group":false,"exceptions":[]}]}
{"timestamp":"2026-08-02T19:46:22.305987Z","level":"error","event":"Error loading DAG from 10_schedule_delta.py: '(' was never closed (10_schedule_delta.py, line 5)","logger":"airflow.dag_processing.dagbag.BundleDagBag","filename":"dagbag.py","lineno":319}
{"timestamp":"2026-08-02T19:46:37.860796Z","level":"info","event":"Filling up the DagBag from /opt/airflow/dags/10_schedule_delta.py","logger":"airflow.dag_processing.dagbag.BundleDagBag","filename":"dagbag.py","lineno":460}
{"timestamp":"2026-08-02T19:46:37.877528Z","level":"error","event":"Failed to import: /opt/airflow/dags/10_schedule_delta.py","logger":"airflow.dag_processing.importers.python_importer","filename":"python_importer.py","lineno":244,"error_detail":[{"exc_type":"SyntaxError","exc_value":"'(' was never closed (10_schedule_delta.py, line 5)","exc_notes":[],"syntax_error":{"offset":5,"filename":"/opt/airflow/dags/10_schedule_delta.py","line":"@dag(\n","lineno":5,"msg":"'(' was never closed"},"is_cause":false,"frames":[{"filename":"/home/airflow/.local/lib/python3.13/site-packages/airflow/dag_processing/importers/python_importer.py","lineno":238,"name":"parse"},{"filename":"<frozen importlib._bootstrap_external>","lineno":1019,"name":"exec_module"},{"filename":"<frozen importlib._bootstrap_external>","lineno":1157,"name":"get_code"},{"filename":"<frozen importlib._bootstrap_external>","lineno":1087,"name":"source_to_code"},{"filename":"<frozen importlib._bootstrap>","lineno":488,"name":"_call_with_frames_removed"}],"is_group":false,"exceptions":[]}]}
{"timestamp":"2026-08-02T19:46:37.880057Z","level":"error","event":"Error loading DAG from 10_schedule_delta.py: '(' was never closed (10_schedule_delta.py, line 5)","logger":"airflow.dag_processing.dagbag.BundleDagBag","filename":"dagbag.py","lineno":319}
{"timestamp":"2026-08-02T19:47:07.308285Z","level":"info","event":"Filling up the DagBag from /opt/airflow/dags/10_schedule_delta.py","logger":"airflow.dag_processing.dagbag.BundleDagBag","filename":"dagbag.py","lineno":460}
{"timestamp":"2026-08-02T19:47:07.388445Z","level":"error","event":"Failed to import: /opt/airflow/dags/10_schedule_delta.py","logger":"airflow.dag_processing.importers.python_importer","filename":"python_importer.py","lineno":244,"error_detail":[{"exc_type":"TypeError","exc_value":"DeltaTriggerTimetable.__init__() got an unexpected keyword argument 'timezone'","exc_notes":[],"syntax_error":null,"is_cause":false,"frames":[{"filename":"/home/airflow/.local/lib/python3.13/site-packages/airflow/dag_processing/importers/python_importer.py","lineno":238,"name":"parse"},{"filename":"<frozen importlib._bootstrap_external>","lineno":1023,"name":"exec_module"},{"filename":"<frozen importlib._bootstrap>","lineno":488,"name":"_call_with_frames_removed"},{"filename":"/opt/airflow/dags/10_schedule_delta.py","lineno":8,"name":"<module>"}],"is_group":false,"exceptions":[]}]}
{"timestamp":"2026-08-02T19:47:07.399671Z","level":"error","event":"Error loading DAG from 10_schedule_delta.py: DeltaTriggerTimetable.__init__() got an unexpected keyword argument 'timezone'","logger":"airflow.dag_processing.dagbag.BundleDagBag","filename":"dagbag.py","lineno":319}
{"timestamp":"2026-08-02T19:47:37.699371Z","level":"info","event":"Filling up the DagBag from /opt/airflow/dags/10_schedule_delta.py","logger":"airflow.dag_processing.dagbag.BundleDagBag","filename":"dagbag.py","lineno":460}
{"timestamp":"2026-08-02T19:47:37.731202Z","level":"error","event":"Failed to import: /opt/airflow/dags/10_schedule_delta.py","logger":"airflow.dag_processing.importers.python_importer","filename":"python_importer.py","lineno":244,"error_detail":[{"exc_type":"TypeError","exc_value":"DeltaTriggerTimetable.__init__() got an unexpected keyword argument 'timezone'","exc_notes":[],"syntax_error":null,"is_cause":false,"frames":[{"filename":"/home/airflow/.local/lib/python3.13/site-packages/airflow/dag_processing/importers/python_importer.py","lineno":238,"name":"parse"},{"filename":"<frozen importlib._bootstrap_external>","lineno":1023,"name":"exec_module"},{"filename":"<frozen importlib._bootstrap>","lineno":488,"name":"_call_with_frames_removed"},{"filename":"/opt/airflow/dags/10_schedule_delta.py","lineno":8,"name":"<module>"}],"is_group":false,"exceptions":[]}]}
{"timestamp":"2026-08-02T19:47:37.735870Z","level":"error","event":"Error loading DAG from 10_schedule_delta.py: DeltaTriggerTimetable.__init__() got an unexpected keyword argument 'timezone'","logger":"airflow.dag_processing.dagbag.BundleDagBag","filename":"dagbag.py","lineno":319}
{"timestamp":"2026-08-02T19:48:01.257476Z","level":"info","event":"Filling up the DagBag from /opt/airflow/dags/10_schedule_delta.py","logger":"airflow.dag_processing.dagbag.BundleDagBag","filename":"dagbag.py","lineno":460}
{"timestamp":"2026-08-02T19:48:01.320833Z","level":"error","event":"Failed to import: /opt/airflow/dags/10_schedule_delta.py","logger":"airflow.dag_processing.importers.python_importer","filename":"python_importer.py","lineno":244,"error_detail":[{"exc_type":"TypeError","exc_value":"DeltaTriggerTimetable.__init__() got an unexpected keyword argument 'timezone'","exc_notes":[],"syntax_error":null,"is_cause":false,"frames":[{"filename":"/home/airflow/.local/lib/python3.13/site-packages/airflow/dag_processing/importers/python_importer.py","lineno":238,"name":"parse"},{"filename":"<frozen importlib._bootstrap_external>","lineno":1023,"name":"exec_module"},{"filename":"<frozen importlib._bootstrap>","lineno":488,"name":"_call_with_frames_removed"},{"filename":"/opt/airflow/dags/10_schedule_delta.py","lineno":8,"name":"<module>"}],"is_group":false,"exceptions":[]}]}
{"timestamp":"2026-08-02T19:48:01.323090Z","level":"error","event":"Error loading DAG from 10_schedule_delta.py: DeltaTriggerTimetable.__init__() got an unexpected keyword argument 'timezone'","logger":"airflow.dag_processing.dagbag.BundleDagBag","filename":"dagbag.py","lineno":319}
{"timestamp":"2026-08-02T19:48:32.100052Z","level":"info","event":"Filling up the DagBag from /opt/airflow/dags/10_schedule_delta.py","logger":"airflow.dag_processing.dagbag.BundleDagBag","filename":"dagbag.py","lineno":460}
{"timestamp":"2026-08-02T19:48:32.135972Z","level":"error","event":"Failed to import: /opt/airflow/dags/10_schedule_delta.py","logger":"airflow.dag_processing.importers.python_importer","filename":"python_importer.py","lineno":244,"error_detail":[{"exc_type":"TypeError","exc_value":"DeltaTriggerTimetable.__init__() got an unexpected keyword argument 'timezone'","exc_notes":[],"syntax_error":null,"is_cause":false,"frames":[{"filename":"/home/airflow/.local/lib/python3.13/site-packages/airflow/dag_processing/importers/python_importer.py","lineno":238,"name":"parse"},{"filename":"<frozen importlib._bootstrap_external>","lineno":1023,"name":"exec_module"},{"filename":"<frozen importlib._bootstrap>","lineno":488,"name":"_call_with_frames_removed"},{"filename":"/opt/airflow/dags/10_schedule_delta.py","lineno":8,"name":"<module>"}],"is_group":false,"exceptions":[]}]}
{"timestamp":"2026-08-02T19:48:32.138324Z","level":"error","event":"Error loading DAG from 10_schedule_delta.py: DeltaTriggerTimetable.__init__() got an unexpected keyword argument 'timezone'","logger":"airflow.dag_processing.dagbag.BundleDagBag","filename":"dagbag.py","lineno":319}
{"timestamp":"2026-08-02T19:49:02.253723Z","level":"info","event":"Filling up the DagBag from /opt/airflow/dags/10_schedule_delta.py","logger":"airflow.dag_processing.dagbag.BundleDagBag","filename":"dagbag.py","lineno":460}
{"timestamp":"2026-08-02T19:49:02.305668Z","level":"error","event":"Failed to import: /opt/airflow/dags/10_schedule_delta.py","logger":"airflow.dag_processing.importers.python_importer","filename":"python_importer.py","lineno":244,"error_detail":[{"exc_type":"TypeError","exc_value":"DeltaTriggerTimetable.__init__() got an unexpected keyword argument 'timezone'","exc_notes":[],"syntax_error":null,"is_cause":false,"frames":[{"filename":"/home/airflow/.local/lib/python3.13/site-packages/airflow/dag_processing/importers/python_importer.py","lineno":238,"name":"parse"},{"filename":"<frozen importlib._bootstrap_external>","lineno":1023,"name":"exec_module"},{"filename":"<frozen importlib._bootstrap>","lineno":488,"name":"_call_with_frames_removed"},{"filename":"/opt/airflow/dags/10_schedule_delta.py","lineno":8,"name":"<module>"}],"is_group":false,"exceptions":[]}]}
{"timestamp":"2026-08-02T19:49:02.307534Z","level":"error","event":"Error loading DAG from 10_schedule_delta.py: DeltaTriggerTimetable.__init__() got an unexpected keyword argument 'timezone'","logger":"airflow.dag_processing.dagbag.BundleDagBag","filename":"dagbag.py","lineno":319}
{"timestamp":"2026-08-02T19:49:32.727573Z","level":"info","event":"Filling up the DagBag from /opt/airflow/dags/10_schedule_delta.py","logger":"airflow.dag_processing.dagbag.BundleDagBag","filename":"dagbag.py","lineno":460}
{"timestamp":"2026-08-02T19:49:32.755154Z","level":"error","event":"Failed to import: /opt/airflow/dags/10_schedule_delta.py","logger":"airflow.dag_processing.importers.python_importer","filename":"python_importer.py","lineno":244,"error_detail":[{"exc_type":"TypeError","exc_value":"DeltaTriggerTimetable.__init__() got an unexpected keyword argument 'timezone'","exc_notes":[],"syntax_error":null,"is_cause":false,"frames":[{"filename":"/home/airflow/.local/lib/python3.13/site-packages/airflow/dag_processing/importers/python_importer.py","lineno":238,"name":"parse"},{"filename":"<frozen importlib._bootstrap_external>","lineno":1023,"name":"exec_module"},{"filename":"<frozen importlib._bootstrap>","lineno":488,"name":"_call_with_frames_removed"},{"filename":"/opt/airflow/dags/10_schedule_delta.py","lineno":8,"name":"<module>"}],"is_group":false,"exceptions":[]}]}
{"timestamp":"2026-08-02T19:49:32.756865Z","level":"error","event":"Error loading DAG from 10_schedule_delta.py: DeltaTriggerTimetable.__init__() got an unexpected keyword argument 'timezone'","logger":"airflow.dag_processing.dagbag.BundleDagBag","filename":"dagbag.py","lineno":319}
{"timestamp":"2026-08-02T19:49:39.991897Z","level":"info","event":"Filling up the DagBag from /opt/airflow/dags/10_schedule_delta.py","logger":"airflow.dag_processing.dagbag.BundleDagBag","filename":"dagbag.py","lineno":460}
{"timestamp":"2026-08-02T19:50:10.583441Z","level":"info","event":"Filling up the DagBag from /opt/airflow/dags/10_schedule_delta.py","logger":"airflow.dag_processing.dagbag.BundleDagBag","filename":"dagbag.py","lineno":460}
{"timestamp":"2026-08-02T19:50:40.751481Z","level":"info","event":"Filling up the DagBag from /opt/airflow/dags/10_schedule_delta.py","logger":"airflow.dag_processing.dagbag.BundleDagBag","filename":"dagbag.py","lineno":460}
{"timestamp":"2026-08-02T19:51:11.869775Z","level":"info","event":"Filling up the DagBag from /opt/airflow/dags/10_schedule_delta.py","logger":"airflow.dag_processing.dagbag.BundleDagBag","filename":"dagbag.py","lineno":460}
{"timestamp":"2026-08-02T19:51:42.173084Z","level":"info","event":"Filling up the DagBag from /opt/airflow/dags/10_schedule_delta.py","logger":"airflow.dag_processing.dagbag.BundleDagBag","filename":"dagbag.py","lineno":460}
{"timestamp":"2026-08-02T19:52:12.372224Z","level":"info","event":"Filling up the DagBag from /opt/airflow/dags/10_schedule_delta.py","logger":"airflow.dag_processing.dagbag.BundleDagBag","filename":"dagbag.py","lineno":460}
{"timestamp":"2026-08-02T19:52:42.522270Z","level":"info","event":"Filling up the DagBag from /opt/airflow/dags/10_schedule_delta.py","logger":"airflow.dag_processing.dagbag.BundleDagBag","filename":"dagbag.py","lineno":460}
{"timestamp":"2026-08-02T19:53:12.820292Z","level":"info","event":"Filling up the DagBag from /opt/airflow/dags/10_schedule_delta.py","logger":"airflow.dag_processing.dagbag.BundleDagBag","filename":"dagbag.py","lineno":460}
{"timestamp":"2026-08-02T19:53:43.325963Z","level":"info","event":"Filling up the DagBag from /opt/airflow/dags/10_schedule_delta.py","logger":"airflow.dag_processing.dagbag.BundleDagBag","filename":"dagbag.py","lineno":460}
{"timestamp":"2026-08-02T19:54:13.760381Z","level":"info","event":"Filling up the DagBag from /opt/airflow/dags/10_schedule_delta.py","logger":"airflow.dag_processing.dagbag.BundleDagBag","filename":"dagbag.py","lineno":460}
{"timestamp":"2026-08-02T19:54:43.882685Z","level":"info","event":"Filling up the DagBag from /opt/airflow/dags/10_schedule_delta.py","logger":"airflow.dag_processing.dagbag.BundleDagBag","filename":"dagbag.py","lineno":460}
{"timestamp":"2026-08-02T19:55:14.987077Z","level":"info","event":"Filling up the DagBag from /opt/airflow/dags/10_schedule_delta.py","logger":"airflow.dag_processing.dagbag.BundleDagBag","filename":"dagbag.py","lineno":460}
{"timestamp":"2026-08-02T19:55:45.128210Z","level":"info","event":"Filling up the DagBag from /opt/airflow/dags/10_schedule_delta.py","logger":"airflow.dag_processing.dagbag.BundleDagBag","filename":"dagbag.py","lineno":460}
{"timestamp":"2026-08-02T19:56:15.358478Z","level":"info","event":"Filling up the DagBag from /opt/airflow/dags/10_schedule_delta.py","logger":"airflow.dag_processing.dagbag.BundleDagBag","filename":"dagbag.py","lineno":460}
{"timestamp":"2026-08-02T19:56:45.683222Z","level":"info","event":"Filling up the DagBag from /opt/airflow/dags/10_schedule_delta.py","logger":"airflow.dag_processing.dagbag.BundleDagBag","filename":"dagbag.py","lineno":460}
{"timestamp":"2026-08-02T19:57:16.011479Z","level":"info","event":"Filling up the DagBag from /opt/airflow/dags/10_schedule_delta.py","logger":"airflow.dag_processing.dagbag.BundleDagBag","filename":"dagbag.py","lineno":460}
{"timestamp":"2026-08-02T19:57:46.190789Z","level":"info","event":"Filling up the DagBag from /opt/airflow/dags/10_schedule_delta.py","logger":"airflow.dag_processing.dagbag.BundleDagBag","filename":"dagbag.py","lineno":460}
{"timestamp":"2026-08-02T19:58:16.387399Z","level":"info","event":"Filling up the DagBag from /opt/airflow/dags/10_schedule_delta.py","logger":"airflow.dag_processing.dagbag.BundleDagBag","filename":"dagbag.py","lineno":460}
{"timestamp":"2026-08-02T19:58:47.507941Z","level":"info","event":"Filling up the DagBag from /opt/airflow/dags/10_schedule_delta.py","logger":"airflow.dag_processing.dagbag.BundleDagBag","filename":"dagbag.py","lineno":460}
{"timestamp":"2026-08-02T19:59:18.350339Z","level":"info","event":"Filling up the DagBag from /opt/airflow/dags/10_schedule_delta.py","logger":"airflow.dag_processing.dagbag.BundleDagBag","filename":"dagbag.py","lineno":460}
{"timestamp":"2026-08-02T19:59:48.582982Z","level":"info","event":"Filling up the DagBag from /opt/airflow/dags/10_schedule_delta.py","logger":"airflow.dag_processing.dagbag.BundleDagBag","filename":"dagbag.py","lineno":460}
{"timestamp":"2026-08-02T20:00:19.794461Z","level":"info","event":"Filling up the DagBag from /opt/airflow/dags/10_schedule_delta.py","logger":"airflow.dag_processing.dagbag.BundleDagBag","filename":"dagbag.py","lineno":460}
{"timestamp":"2026-08-02T20:00:50.915121Z","level":"info","event":"Filling up the DagBag from /opt/airflow/dags/10_schedule_delta.py","logger":"airflow.dag_processing.dagbag.BundleDagBag","filename":"dagbag.py","lineno":460}
{"timestamp":"2026-08-02T20:01:21.116874Z","level":"info","event":"Filling up the DagBag from /opt/airflow/dags/10_schedule_delta.py","logger":"airflow.dag_processing.dagbag.BundleDagBag","filename":"dagbag.py","lineno":460}
{"timestamp":"2026-08-02T20:01:52.167951Z","level":"info","event":"Filling up the DagBag from /opt/airflow/dags/10_schedule_delta.py","logger":"airflow.dag_processing.dagbag.BundleDagBag","filename":"dagbag.py","lineno":460}
{"timestamp":"2026-08-02T20:02:23.256098Z","level":"info","event":"Filling up the DagBag from /opt/airflow/dags/10_schedule_delta.py","logger":"airflow.dag_processing.dagbag.BundleDagBag","filename":"dagbag.py","lineno":460}
{"timestamp":"2026-08-02T20:02:53.491322Z","level":"info","event":"Filling up the DagBag from /opt/airflow/dags/10_schedule_delta.py","logger":"airflow.dag_processing.dagbag.BundleDagBag","filename":"dagbag.py","lineno":460}
{"timestamp":"2026-08-02T20:03:23.808009Z","level":"info","event":"Filling up the DagBag from /opt/airflow/dags/10_schedule_delta.py","logger":"airflow.dag_processing.dagbag.BundleDagBag","filename":"dagbag.py","lineno":460}
{"timestamp":"2026-08-02T20:03:54.077431Z","level":"info","event":"Filling up the DagBag from /opt/airflow/dags/10_schedule_delta.py","logger":"airflow.dag_processing.dagbag.BundleDagBag","filename":"dagbag.py","lineno":460}
{"timestamp":"2026-08-02T20:04:24.411802Z","level":"info","event":"Filling up the DagBag from /opt/airflow/dags/10_schedule_delta.py","logger":"airflow.dag_processing.dagbag.BundleDagBag","filename":"dagbag.py","lineno":460}
{"timestamp":"2026-08-02T20:04:54.998132Z","level":"info","event":"Filling up the DagBag from /opt/airflow/dags/10_schedule_delta.py","logger":"airflow.dag_processing.dagbag.BundleDagBag","filename":"dagbag.py","lineno":460}
{"timestamp":"2026-08-02T20:05:25.867072Z","level":"info","event":"Filling up the DagBag from /opt/airflow/dags/10_schedule_delta.py","logger":"airflow.dag_processing.dagbag.BundleDagBag","filename":"dagbag.py","lineno":460}
{"timestamp":"2026-08-02T20:05:56.539426Z","level":"info","event":"Filling up the DagBag from /opt/airflow/dags/10_schedule_delta.py","logger":"airflow.dag_processing.dagbag.BundleDagBag","filename":"dagbag.py","lineno":460}
{"timestamp":"2026-08-02T20:06:27.314289Z","level":"info","event":"Filling up the DagBag from /opt/airflow/dags/10_schedule_delta.py","logger":"airflow.dag_processing.dagbag.BundleDagBag","filename":"dagbag.py","lineno":460}
{"timestamp":"2026-08-02T20:06:57.540020Z","level":"info","event":"Filling up the DagBag from /opt/airflow/dags/10_schedule_delta.py","logger":"airflow.dag_processing.dagbag.BundleDagBag","filename":"dagbag.py","lineno":460}
{"timestamp":"2026-08-02T20:07:27.916533Z","level":"info","event":"Filling up the DagBag from /opt/airflow/dags/10_schedule_delta.py","logger":"airflow.dag_processing.dagbag.BundleDagBag","filename":"dagbag.py","lineno":460}
{"timestamp":"2026-08-02T20:07:58.084269Z","level":"info","event":"Filling up the DagBag from /opt/airflow/dags/10_schedule_delta.py","logger":"airflow.dag_processing.dagbag.BundleDagBag","filename":"dagbag.py","lineno":460}
{"timestamp":"2026-08-02T20:08:28.404304Z","level":"info","event":"Filling up the DagBag from /opt/airflow/dags/10_schedule_delta.py","logger":"airflow.dag_processing.dagbag.BundleDagBag","filename":"dagbag.py","lineno":460}
{"timestamp":"2026-08-02T20:09:00.431530Z","level":"info","event":"Filling up the DagBag from /opt/airflow/dags/10_schedule_delta.py","logger":"airflow.dag_processing.dagbag.BundleDagBag","filename":"dagbag.py","lineno":460}
{"timestamp":"2026-08-02T20:09:21.323968Z","level":"info","event":"Filling up the DagBag from /opt/airflow/dags/10_schedule_delta.py","logger":"airflow.dag_processing.dagbag.BundleDagBag","filename":"dagbag.py","lineno":460}
{"timestamp":"2026-08-02T20:09:51.861461Z","level":"info","event":"Filling up the DagBag from /opt/airflow/dags/10_schedule_delta.py","logger":"airflow.dag_processing.dagbag.BundleDagBag","filename":"dagbag.py","lineno":460}
{"timestamp":"2026-08-02T20:10:21.942752Z","level":"info","event":"Filling up the DagBag from /opt/airflow/dags/10_schedule_delta.py","logger":"airflow.dag_processing.dagbag.BundleDagBag","filename":"dagbag.py","lineno":460}
{"timestamp":"2026-08-02T20:10:52.028867Z","level":"info","event":"Filling up the DagBag from /opt/airflow/dags/10_schedule_delta.py","logger":"airflow.dag_processing.dagbag.BundleDagBag","filename":"dagbag.py","lineno":460}
{"timestamp":"2026-08-02T20:11:23.069047Z","level":"info","event":"Filling up the DagBag from /opt/airflow/dags/10_schedule_delta.py","logger":"airflow.dag_processing.dagbag.BundleDagBag","filename":"dagbag.py","lineno":460}
{"timestamp":"2026-08-02T20:11:53.238851Z","level":"info","event":"Filling up the DagBag from /opt/airflow/dags/10_schedule_delta.py","logger":"airflow.dag_processing.dagbag.BundleDagBag","filename":"dagbag.py","lineno":460}
{"timestamp":"2026-08-02T20:12:23.485367Z","level":"info","event":"Filling up the DagBag from /opt/airflow/dags/10_schedule_delta.py","logger":"airflow.dag_processing.dagbag.BundleDagBag","filename":"dagbag.py","lineno":460}
{"timestamp":"2026-08-02T20:12:54.615817Z","level":"info","event":"Filling up the DagBag from /opt/airflow/dags/10_schedule_delta.py","logger":"airflow.dag_processing.dagbag.BundleDagBag","filename":"dagbag.py","lineno":460}
{"timestamp":"2026-08-02T20:13:25.639369Z","level":"info","event":"Filling up the DagBag from /opt/airflow/dags/10_schedule_delta.py","logger":"airflow.dag_processing.dagbag.BundleDagBag","filename":"dagbag.py","lineno":460}
{"timestamp":"2026-08-02T20:13:56.712923Z","level":"info","event":"Filling up the DagBag from /opt/airflow/dags/10_schedule_delta.py","logger":"airflow.dag_processing.dagbag.BundleDagBag","filename":"dagbag.py","lineno":460}
{"timestamp":"2026-08-02T20:14:27.082321Z","level":"info","event":"Filling up the DagBag from /opt/airflow/dags/10_schedule_delta.py","logger":"airflow.dag_processing.dagbag.BundleDagBag","filename":"dagbag.py","lineno":460}
{"timestamp":"2026-08-02T20:14:57.203257Z","level":"info","event":"Filling up the DagBag from /opt/airflow/dags/10_schedule_delta.py","logger":"airflow.dag_processing.dagbag.BundleDagBag","filename":"dagbag.py","lineno":460}
{"timestamp":"2026-08-02T20:15:27.634956Z","level":"info","event":"Filling up the DagBag from /opt/airflow/dags/10_schedule_delta.py","logger":"airflow.dag_processing.dagbag.BundleDagBag","filename":"dagbag.py","lineno":460}
{"timestamp":"2026-08-02T20:15:58.787755Z","level":"info","event":"Filling up the DagBag from /opt/airflow/dags/10_schedule_delta.py","logger":"airflow.dag_processing.dagbag.BundleDagBag","filename":"dagbag.py","lineno":460}
{"timestamp":"2026-08-02T20:16:29.970949Z","level":"info","event":"Filling up the DagBag from /opt/airflow/dags/10_schedule_delta.py","logger":"airflow.dag_processing.dagbag.BundleDagBag","filename":"dagbag.py","lineno":460}
{"timestamp":"2026-08-02T20:17:00.314543Z","level":"info","event":"Filling up the DagBag from /opt/airflow/dags/10_schedule_delta.py","logger":"airflow.dag_processing.dagbag.BundleDagBag","filename":"dagbag.py","lineno":460}
{"timestamp":"2026-08-02T20:17:30.658127Z","level":"info","event":"Filling up the DagBag from /opt/airflow/dags/10_schedule_delta.py","logger":"airflow.dag_processing.dagbag.BundleDagBag","filename":"dagbag.py","lineno":460}
{"timestamp":"2026-08-02T20:18:00.832056Z","level":"info","event":"Filling up the DagBag from /opt/airflow/dags/10_schedule_delta.py","logger":"airflow.dag_processing.dagbag.BundleDagBag","filename":"dagbag.py","lineno":460}
{"timestamp":"2026-08-02T20:18:31.955313Z","level":"info","event":"Filling up the DagBag from /opt/airflow/dags/10_schedule_delta.py","logger":"airflow.dag_processing.dagbag.BundleDagBag","filename":"dagbag.py","lineno":460}
{"timestamp":"2026-08-02T20:19:03.083986Z","level":"info","event":"Filling up the DagBag from /opt/airflow/dags/10_schedule_delta.py","logger":"airflow.dag_processing.dagbag.BundleDagBag","filename":"dagbag.py","lineno":460}
{"timestamp":"2026-08-02T20:19:33.545062Z","level":"info","event":"Filling up the DagBag from /opt/airflow/dags/10_schedule_delta.py","logger":"airflow.dag_processing.dagbag.BundleDagBag","filename":"dagbag.py","lineno":460}
{"timestamp":"2026-08-02T20:20:04.633350Z","level":"info","event":"Filling up the DagBag from /opt/airflow/dags/10_schedule_delta.py","logger":"airflow.dag_processing.dagbag.BundleDagBag","filename":"dagbag.py","lineno":460}
{"timestamp":"2026-08-02T20:20:35.711542Z","level":"info","event":"Filling up the DagBag from /opt/airflow/dags/10_schedule_delta.py","logger":"airflow.dag_processing.dagbag.BundleDagBag","filename":"dagbag.py","lineno":460}
{"timestamp":"2026-08-02T20:21:05.887763Z","level":"info","event":"Filling up the DagBag from /opt/airflow/dags/10_schedule_delta.py","logger":"airflow.dag_processing.dagbag.BundleDagBag","filename":"dagbag.py","lineno":460}
{"timestamp":"2026-08-02T20:21:36.069574Z","level":"info","event":"Filling up the DagBag from /opt/airflow/dags/10_schedule_delta.py","logger":"airflow.dag_processing.dagbag.BundleDagBag","filename":"dagbag.py","lineno":460}
{"timestamp":"2026-08-02T20:22:07.237330Z","level":"info","event":"Filling up the DagBag from /opt/airflow/dags/10_schedule_delta.py","logger":"airflow.dag_processing.dagbag.BundleDagBag","filename":"dagbag.py","lineno":460}
{"timestamp":"2026-08-02T20:22:38.212099Z","level":"info","event":"Filling up the DagBag from /opt/airflow/dags/10_schedule_delta.py","logger":"airflow.dag_processing.dagbag.BundleDagBag","filename":"dagbag.py","lineno":460}
{"timestamp":"2026-08-02T20:23:09.099899Z","level":"info","event":"Filling up the DagBag from /opt/airflow/dags/10_schedule_delta.py","logger":"airflow.dag_processing.dagbag.BundleDagBag","filename":"dagbag.py","lineno":460}
{"timestamp":"2026-08-02T20:23:40.083518Z","level":"info","event":"Filling up the DagBag from /opt/airflow/dags/10_schedule_delta.py","logger":"airflow.dag_processing.dagbag.BundleDagBag","filename":"dagbag.py","lineno":460}
{"timestamp":"2026-08-02T20:24:10.384819Z","level":"info","event":"Filling up the DagBag from /opt/airflow/dags/10_schedule_delta.py","logger":"airflow.dag_processing.dagbag.BundleDagBag","filename":"dagbag.py","lineno":460}
{"timestamp":"2026-08-02T20:24:41.583172Z","level":"info","event":"Filling up the DagBag from /opt/airflow/dags/10_schedule_delta.py","logger":"airflow.dag_processing.dagbag.BundleDagBag","filename":"dagbag.py","lineno":460}
{"timestamp":"2026-08-02T20:25:12.787466Z","level":"info","event":"Filling up the DagBag from /opt/airflow/dags/10_schedule_delta.py","logger":"airflow.dag_processing.dagbag.BundleDagBag","filename":"dagbag.py","lineno":460}
{"timestamp":"2026-08-02T20:25:43.884473Z","level":"info","event":"Filling up the DagBag from /opt/airflow/dags/10_schedule_delta.py","logger":"airflow.dag_processing.dagbag.BundleDagBag","filename":"dagbag.py","lineno":460}
{"timestamp":"2026-08-02T20:26:14.920802Z","level":"info","event":"Filling up the DagBag from /opt/airflow/dags/10_schedule_delta.py","logger":"airflow.dag_processing.dagbag.BundleDagBag","filename":"dagbag.py","lineno":460}
{"timestamp":"2026-08-02T20:26:46.025556Z","level":"info","event":"Filling up the DagBag from /opt/airflow/dags/10_schedule_delta.py","logger":"airflow.dag_processing.dagbag.BundleDagBag","filename":"dagbag.py","lineno":460}
{"timestamp":"2026-08-02T20:27:16.943805Z","level":"info","event":"Filling up the DagBag from /opt/airflow/dags/10_schedule_delta.py","logger":"airflow.dag_processing.dagbag.BundleDagBag","filename":"dagbag.py","lineno":460}
{"timestamp":"2026-08-02T20:27:47.392188Z","level":"info","event":"Filling up the DagBag from /opt/airflow/dags/10_schedule_delta.py","logger":"airflow.dag_processing.dagbag.BundleDagBag","filename":"dagbag.py","lineno":460}
{"timestamp":"2026-08-02T20:28:17.838246Z","level":"info","event":"Filling up the DagBag from /opt/airflow/dags/10_schedule_delta.py","logger":"airflow.dag_processing.dagbag.BundleDagBag","filename":"dagbag.py","lineno":460}
{"timestamp":"2026-08-02T20:28:48.972049Z","level":"info","event":"Filling up the DagBag from /opt/airflow/dags/10_schedule_delta.py","logger":"airflow.dag_processing.dagbag.BundleDagBag","filename":"dagbag.py","lineno":460}
{"timestamp":"2026-08-02T20:29:19.133831Z","level":"info","event":"Filling up the DagBag from /opt/airflow/dags/10_schedule_delta.py","logger":"airflow.dag_processing.dagbag.BundleDagBag","filename":"dagbag.py","lineno":460}
{"timestamp":"2026-08-02T20:29:49.347042Z","level":"info","event":"Filling up the DagBag from /opt/airflow/dags/10_schedule_delta.py","logger":"airflow.dag_processing.dagbag.BundleDagBag","filename":"dagbag.py","lineno":460}
{"timestamp":"2026-08-02T20:30:19.636513Z","level":"info","event":"Filling up the DagBag from /opt/airflow/dags/10_schedule_delta.py","logger":"airflow.dag_processing.dagbag.BundleDagBag","filename":"dagbag.py","lineno":460}
{"timestamp":"2026-08-02T20:30:50.021061Z","level":"info","event":"Filling up the DagBag from /opt/airflow/dags/10_schedule_delta.py","logger":"airflow.dag_processing.dagbag.BundleDagBag","filename":"dagbag.py","lineno":460}
{"timestamp":"2026-08-02T20:31:20.428349Z","level":"info","event":"Filling up the DagBag from /opt/airflow/dags/10_schedule_delta.py","logger":"airflow.dag_processing.dagbag.BundleDagBag","filename":"dagbag.py","lineno":460}
{"timestamp":"2026-08-02T20:31:50.748436Z","level":"info","event":"Filling up the DagBag from /opt/airflow/dags/10_schedule_delta.py","logger":"airflow.dag_processing.dagbag.BundleDagBag","filename":"dagbag.py","lineno":460}
{"timestamp":"2026-08-02T20:32:21.880462Z","level":"info","event":"Filling up the DagBag from /opt/airflow/dags/10_schedule_delta.py","logger":"airflow.dag_processing.dagbag.BundleDagBag","filename":"dagbag.py","lineno":460}
{"timestamp":"2026-08-02T20:32:52.962572Z","level":"info","event":"Filling up the DagBag from /opt/airflow/dags/10_schedule_delta.py","logger":"airflow.dag_processing.dagbag.BundleDagBag","filename":"dagbag.py","lineno":460}
{"timestamp":"2026-08-02T20:33:24.003153Z","level":"info","event":"Filling up the DagBag from /opt/airflow/dags/10_schedule_delta.py","logger":"airflow.dag_processing.dagbag.BundleDagBag","filename":"dagbag.py","lineno":460}
{"timestamp":"2026-08-02T20:33:54.981763Z","level":"info","event":"Filling up the DagBag from /opt/airflow/dags/10_schedule_delta.py","logger":"airflow.dag_processing.dagbag.BundleDagBag","filename":"dagbag.py","lineno":460}
{"timestamp":"2026-08-02T20:34:25.141671Z","level":"info","event":"Filling up the DagBag from /opt/airflow/dags/10_schedule_delta.py","logger":"airflow.dag_processing.dagbag.BundleDagBag","filename":"dagbag.py","lineno":460}
{"timestamp":"2026-08-02T20:34:55.416492Z","level":"info","event":"Filling up the DagBag from /opt/airflow/dags/10_schedule_delta.py","logger":"airflow.dag_processing.dagbag.BundleDagBag","filename":"dagbag.py","lineno":460}
{"timestamp":"2026-08-02T20:35:25.604380Z","level":"info","event":"Filling up the DagBag from /opt/airflow/dags/10_schedule_delta.py","logger":"airflow.dag_processing.dagbag.BundleDagBag","filename":"dagbag.py","lineno":460}
{"timestamp":"2026-08-02T20:35:55.759628Z","level":"info","event":"Filling up the DagBag from /opt/airflow/dags/10_schedule_delta.py","logger":"airflow.dag_processing.dagbag.BundleDagBag","filename":"dagbag.py","lineno":460}
{"timestamp":"2026-08-02T20:36:26.007406Z","level":"info","event":"Filling up the DagBag from /opt/airflow/dags/10_schedule_delta.py","logger":"airflow.dag_processing.dagbag.BundleDagBag","filename":"dagbag.py","lineno":460}
{"timestamp":"2026-08-02T20:36:56.612872Z","level":"info","event":"Filling up the DagBag from /opt/airflow/dags/10_schedule_delta.py","logger":"airflow.dag_processing.dagbag.BundleDagBag","filename":"dagbag.py","lineno":460}
{"timestamp":"2026-08-02T20:37:27.104456Z","level":"info","event":"Filling up the DagBag from /opt/airflow/dags/10_schedule_delta.py","logger":"airflow.dag_processing.dagbag.BundleDagBag","filename":"dagbag.py","lineno":460}
{"timestamp":"2026-08-02T20:37:57.491754Z","level":"info","event":"Filling up the DagBag from /opt/airflow/dags/10_schedule_delta.py","logger":"airflow.dag_processing.dagbag.BundleDagBag","filename":"dagbag.py","lineno":460}
{"timestamp":"2026-08-02T20:38:27.733247Z","level":"info","event":"Filling up the DagBag from /opt/airflow/dags/10_schedule_delta.py","logger":"airflow.dag_processing.dagbag.BundleDagBag","filename":"dagbag.py","lineno":460}
{"timestamp":"2026-08-02T20:38:57.941252Z","level":"info","event":"Filling up the DagBag from /opt/airflow/dags/10_schedule_delta.py","logger":"airflow.dag_processing.dagbag.BundleDagBag","filename":"dagbag.py","lineno":460}
{"timestamp":"2026-08-02T20:39:28.345692Z","level":"info","event":"Filling up the DagBag from /opt/airflow/dags/10_schedule_delta.py","logger":"airflow.dag_processing.dagbag.BundleDagBag","filename":"dagbag.py","lineno":460}
{"timestamp":"2026-08-02T20:39:58.714974Z","level":"info","event":"Filling up the DagBag from /opt/airflow/dags/10_schedule_delta.py","logger":"airflow.dag_processing.dagbag.BundleDagBag","filename":"dagbag.py","lineno":460}
{"timestamp":"2026-08-02T20:40:29.157308Z","level":"info","event":"Filling up the DagBag from /opt/airflow/dags/10_schedule_delta.py","logger":"airflow.dag_processing.dagbag.BundleDagBag","filename":"dagbag.py","lineno":460}
{"timestamp":"2026-08-02T20:41:00.303118Z","level":"info","event":"Filling up the DagBag from /opt/airflow/dags/10_schedule_delta.py","logger":"airflow.dag_processing.dagbag.BundleDagBag","filename":"dagbag.py","lineno":460}
{"timestamp":"2026-08-02T20:41:31.323678Z","level":"info","event":"Filling up the DagBag from /opt/airflow/dags/10_schedule_delta.py","logger":"airflow.dag_processing.dagbag.BundleDagBag","filename":"dagbag.py","lineno":460}
{"timestamp":"2026-08-02T20:42:01.537868Z","level":"info","event":"Filling up the DagBag from /opt/airflow/dags/10_schedule_delta.py","logger":"airflow.dag_processing.dagbag.BundleDagBag","filename":"dagbag.py","lineno":460}
{"timestamp":"2026-08-02T20:42:32.476116Z","level":"info","event":"Filling up the DagBag from /opt/airflow/dags/10_schedule_delta.py","logger":"airflow.dag_processing.dagbag.BundleDagBag","filename":"dagbag.py","lineno":460}
{"timestamp":"2026-08-02T20:43:03.437241Z","level":"info","event":"Filling up the DagBag from /opt/airflow/dags/10_schedule_delta.py","logger":"airflow.dag_processing.dagbag.BundleDagBag","filename":"dagbag.py","lineno":460}
{"timestamp":"2026-08-02T20:43:34.433547Z","level":"info","event":"Filling up the DagBag from /opt/airflow/dags/10_schedule_delta.py","logger":"airflow.dag_processing.dagbag.BundleDagBag","filename":"dagbag.py","lineno":460}
{"timestamp":"2026-08-02T20:44:05.405942Z","level":"info","event":"Filling up the DagBag from /opt/airflow/dags/10_schedule_delta.py","logger":"airflow.dag_processing.dagbag.BundleDagBag","filename":"dagbag.py","lineno":460}
{"timestamp":"2026-08-02T20:44:36.536125Z","level":"info","event":"Filling up the DagBag from /opt/airflow/dags/10_schedule_delta.py","logger":"airflow.dag_processing.dagbag.BundleDagBag","filename":"dagbag.py","lineno":460}
{"timestamp":"2026-08-02T20:45:07.674409Z","level":"info","event":"Filling up the DagBag from /opt/airflow/dags/10_schedule_delta.py","logger":"airflow.dag_processing.dagbag.BundleDagBag","filename":"dagbag.py","lineno":460}
{"timestamp":"2026-08-02T20:45:37.841116Z","level":"info","event":"Filling up the DagBag from /opt/airflow/dags/10_schedule_delta.py","logger":"airflow.dag_processing.dagbag.BundleDagBag","filename":"dagbag.py","lineno":460}
{"timestamp":"2026-08-02T20:46:08.015679Z","level":"info","event":"Filling up the DagBag from /opt/airflow/dags/10_schedule_delta.py","logger":"airflow.dag_processing.dagbag.BundleDagBag","filename":"dagbag.py","lineno":460}
{"timestamp":"2026-08-02T20:46:38.242487Z","level":"info","event":"Filling up the DagBag from /opt/airflow/dags/10_schedule_delta.py","logger":"airflow.dag_processing.dagbag.BundleDagBag","filename":"dagbag.py","lineno":460}
{"timestamp":"2026-08-02T20:47:08.883496Z","level":"info","event":"Filling up the DagBag from /opt/airflow/dags/10_schedule_delta.py","logger":"airflow.dag_processing.dagbag.BundleDagBag","filename":"dagbag.py","lineno":460}
{"timestamp":"2026-08-02T20:47:39.300108Z","level":"info","event":"Filling up the DagBag from /opt/airflow/dags/10_schedule_delta.py","logger":"airflow.dag_processing.dagbag.BundleDagBag","filename":"dagbag.py","lineno":460}
{"timestamp":"2026-08-02T20:48:09.577160Z","level":"info","event":"Filling up the DagBag from /opt/airflow/dags/10_schedule_delta.py","logger":"airflow.dag_processing.dagbag.BundleDagBag","filename":"dagbag.py","lineno":460}
{"timestamp":"2026-08-02T20:48:40.657780Z","level":"info","event":"Filling up the DagBag from /opt/airflow/dags/10_schedule_delta.py","logger":"airflow.dag_processing.dagbag.BundleDagBag","filename":"dagbag.py","lineno":460}
{"timestamp":"2026-08-02T20:49:10.941600Z","level":"info","event":"Filling up the DagBag from /opt/airflow/dags/10_schedule_delta.py","logger":"airflow.dag_processing.dagbag.BundleDagBag","filename":"dagbag.py","lineno":460}
{"timestamp":"2026-08-02T20:49:42.038643Z","level":"info","event":"Filling up the DagBag from /opt/airflow/dags/10_schedule_delta.py","logger":"airflow.dag_processing.dagbag.BundleDagBag","filename":"dagbag.py","lineno":460}
{"timestamp":"2026-08-02T20:50:13.096567Z","level":"info","event":"Filling up the DagBag from /opt/airflow/dags/10_schedule_delta.py","logger":"airflow.dag_processing.dagbag.BundleDagBag","filename":"dagbag.py","lineno":460}
{"timestamp":"2026-08-02T20:50:44.160014Z","level":"info","event":"Filling up the DagBag from /opt/airflow/dags/10_schedule_delta.py","logger":"airflow.dag_processing.dagbag.BundleDagBag","filename":"dagbag.py","lineno":460}
{"timestamp":"2026-08-02T20:51:14.338314Z","level":"info","event":"Filling up the DagBag from /opt/airflow/dags/10_schedule_delta.py","logger":"airflow.dag_processing.dagbag.BundleDagBag","filename":"dagbag.py","lineno":460}
{"timestamp":"2026-08-02T20:51:45.420366Z","level":"info","event":"Filling up the DagBag from /opt/airflow/dags/10_schedule_delta.py","logger":"airflow.dag_processing.dagbag.BundleDagBag","filename":"dagbag.py","lineno":460}
{"timestamp":"2026-08-02T20:52:16.091410Z","level":"info","event":"Filling up the DagBag from /opt/airflow/dags/10_schedule_delta.py","logger":"airflow.dag_processing.dagbag.BundleDagBag","filename":"dagbag.py","lineno":460}
{"timestamp":"2026-08-02T20:52:46.448862Z","level":"info","event":"Filling up the DagBag from /opt/airflow/dags/10_schedule_delta.py","logger":"airflow.dag_processing.dagbag.BundleDagBag","filename":"dagbag.py","lineno":460}
{"timestamp":"2026-08-02T20:53:16.760322Z","level":"info","event":"Filling up the DagBag from /opt/airflow/dags/10_schedule_delta.py","logger":"airflow.dag_processing.dagbag.BundleDagBag","filename":"dagbag.py","lineno":460}
{"timestamp":"2026-08-02T20:53:47.934328Z","level":"info","event":"Filling up the DagBag from /opt/airflow/dags/10_schedule_delta.py","logger":"airflow.dag_processing.dagbag.BundleDagBag","filename":"dagbag.py","lineno":460}
{"timestamp":"2026-08-02T20:54:18.122452Z","level":"info","event":"Filling up the DagBag from /opt/airflow/dags/10_schedule_delta.py","logger":"airflow.dag_processing.dagbag.BundleDagBag","filename":"dagbag.py","lineno":460}
{"timestamp":"2026-08-02T20:54:48.220472Z","level":"info","event":"Filling up the DagBag from /opt/airflow/dags/10_schedule_delta.py","logger":"airflow.dag_processing.dagbag.BundleDagBag","filename":"dagbag.py","lineno":460}
{"timestamp":"2026-08-02T20:55:19.268288Z","level":"info","event":"Filling up the DagBag from /opt/airflow/dags/10_schedule_delta.py","logger":"airflow.dag_processing.dagbag.BundleDagBag","filename":"dagbag.py","lineno":460}
{"timestamp":"2026-08-02T20:55:50.344834Z","level":"info","event":"Filling up the DagBag from /opt/airflow/dags/10_schedule_delta.py","logger":"airflow.dag_processing.dagbag.BundleDagBag","filename":"dagbag.py","lineno":460}
{"timestamp":"2026-08-02T20:56:20.690535Z","level":"info","event":"Filling up the DagBag from /opt/airflow/dags/10_schedule_delta.py","logger":"airflow.dag_processing.dagbag.BundleDagBag","filename":"dagbag.py","lineno":460}
{"timestamp":"2026-08-02T20:56:51.186428Z","level":"info","event":"Filling up the DagBag from /opt/airflow/dags/10_schedule_delta.py","logger":"airflow.dag_processing.dagbag.BundleDagBag","filename":"dagbag.py","lineno":460}
{"timestamp":"2026-08-02T20:57:21.451300Z","level":"info","event":"Filling up the DagBag from /opt/airflow/dags/10_schedule_delta.py","logger":"airflow.dag_processing.dagbag.BundleDagBag","filename":"dagbag.py","lineno":460}
{"timestamp":"2026-08-02T20:57:51.826517Z","level":"info","event":"Filling up the DagBag from /opt/airflow/dags/10_schedule_delta.py","logger":"airflow.dag_processing.dagbag.BundleDagBag","filename":"dagbag.py","lineno":460}
{"timestamp":"2026-08-02T20:58:22.085037Z","level":"info","event":"Filling up the DagBag from /opt/airflow/dags/10_schedule_delta.py","logger":"airflow.dag_processing.dagbag.BundleDagBag","filename":"dagbag.py","lineno":460}
{"timestamp":"2026-08-02T20:58:52.553829Z","level":"info","event":"Filling up the DagBag from /opt/airflow/dags/10_schedule_delta.py","logger":"airflow.dag_processing.dagbag.BundleDagBag","filename":"dagbag.py","lineno":460}
{"timestamp":"2026-08-02T20:59:22.769278Z","level":"info","event":"Filling up the DagBag from /opt/airflow/dags/10_schedule_delta.py","logger":"airflow.dag_processing.dagbag.BundleDagBag","filename":"dagbag.py","lineno":460}
{"timestamp":"2026-08-02T20:59:52.943512Z","level":"info","event":"Filling up the DagBag from /opt/airflow/dags/10_schedule_delta.py","logger":"airflow.dag_processing.dagbag.BundleDagBag","filename":"dagbag.py","lineno":460}
{"timestamp":"2026-08-02T21:00:24.044900Z","level":"info","event":"Filling up the DagBag from /opt/airflow/dags/10_schedule_delta.py","logger":"airflow.dag_processing.dagbag.BundleDagBag","filename":"dagbag.py","lineno":460}
{"timestamp":"2026-08-02T21:00:54.705971Z","level":"info","event":"Filling up the DagBag from /opt/airflow/dags/10_schedule_delta.py","logger":"airflow.dag_processing.dagbag.BundleDagBag","filename":"dagbag.py","lineno":460}
{"timestamp":"2026-08-02T21:01:25.102241Z","level":"info","event":"Filling up the DagBag from /opt/airflow/dags/10_schedule_delta.py","logger":"airflow.dag_processing.dagbag.BundleDagBag","filename":"dagbag.py","lineno":460}
{"timestamp":"2026-08-02T21:01:55.268219Z","level":"info","event":"Filling up the DagBag from /opt/airflow/dags/10_schedule_delta.py","logger":"airflow.dag_processing.dagbag.BundleDagBag","filename":"dagbag.py","lineno":460}
{"timestamp":"2026-08-02T21:02:25.824285Z","level":"info","event":"Filling up the DagBag from /opt/airflow/dags/10_schedule_delta.py","logger":"airflow.dag_processing.dagbag.BundleDagBag","filename":"dagbag.py","lineno":460}
{"timestamp":"2026-08-02T21:02:56.027550Z","level":"info","event":"Filling up the DagBag from /opt/airflow/dags/10_schedule_delta.py","logger":"airflow.dag_processing.dagbag.BundleDagBag","filename":"dagbag.py","lineno":460}
{"timestamp":"2026-08-02T21:03:26.567269Z","level":"info","event":"Filling up the DagBag from /opt/airflow/dags/10_schedule_delta.py","logger":"airflow.dag_processing.dagbag.BundleDagBag","filename":"dagbag.py","lineno":460}
{"timestamp":"2026-08-02T21:03:56.742644Z","level":"info","event":"Filling up the DagBag from /opt/airflow/dags/10_schedule_delta.py","logger":"airflow.dag_processing.dagbag.BundleDagBag","filename":"dagbag.py","lineno":460}
{"timestamp":"2026-08-02T21:04:27.049700Z","level":"info","event":"Filling up the DagBag from /opt/airflow/dags/10_schedule_delta.py","logger":"airflow.dag_processing.dagbag.BundleDagBag","filename":"dagbag.py","lineno":460}
{"timestamp":"2026-08-02T21:04:57.208700Z","level":"info","event":"Filling up the DagBag from /opt/airflow/dags/10_schedule_delta.py","logger":"airflow.dag_processing.dagbag.BundleDagBag","filename":"dagbag.py","lineno":460}
{"timestamp":"2026-08-02T21:05:27.636635Z","level":"info","event":"Filling up the DagBag from /opt/airflow/dags/10_schedule_delta.py","logger":"airflow.dag_processing.dagbag.BundleDagBag","filename":"dagbag.py","lineno":460}
{"timestamp":"2026-08-02T21:05:58.677169Z","level":"info","event":"Filling up the DagBag from /opt/airflow/dags/10_schedule_delta.py","logger":"airflow.dag_processing.dagbag.BundleDagBag","filename":"dagbag.py","lineno":460}
{"timestamp":"2026-08-02T21:06:29.053959Z","level":"info","event":"Filling up the DagBag from /opt/airflow/dags/10_schedule_delta.py","logger":"airflow.dag_processing.dagbag.BundleDagBag","filename":"dagbag.py","lineno":460}
{"timestamp":"2026-08-02T21:06:59.457663Z","level":"info","event":"Filling up the DagBag from /opt/airflow/dags/10_schedule_delta.py","logger":"airflow.dag_processing.dagbag.BundleDagBag","filename":"dagbag.py","lineno":460}
{"timestamp":"2026-08-02T21:07:30.252912Z","level":"info","event":"Filling up the DagBag from /opt/airflow/dags/10_schedule_delta.py","logger":"airflow.dag_processing.dagbag.BundleDagBag","filename":"dagbag.py","lineno":460}
{"timestamp":"2026-08-02T21:08:00.458580Z","level":"info","event":"Filling up the DagBag from /opt/airflow/dags/10_schedule_delta.py","logger":"airflow.dag_processing.dagbag.BundleDagBag","filename":"dagbag.py","lineno":460}
{"timestamp":"2026-08-02T21:08:30.740050Z","level":"info","event":"Filling up the DagBag from /opt/airflow/dags/10_schedule_delta.py","logger":"airflow.dag_processing.dagbag.BundleDagBag","filename":"dagbag.py","lineno":460}
{"timestamp":"2026-08-02T21:09:00.991925Z","level":"info","event":"Filling up the DagBag from /opt/airflow/dags/10_schedule_delta.py","logger":"airflow.dag_processing.dagbag.BundleDagBag","filename":"dagbag.py","lineno":460}
{"timestamp":"2026-08-02T21:09:31.733864Z","level":"info","event":"Filling up the DagBag from /opt/airflow/dags/10_schedule_delta.py","logger":"airflow.dag_processing.dagbag.BundleDagBag","filename":"dagbag.py","lineno":460}
{"timestamp":"2026-08-02T21:10:02.086063Z","level":"info","event":"Filling up the DagBag from /opt/airflow/dags/10_schedule_delta.py","logger":"airflow.dag_processing.dagbag.BundleDagBag","filename":"dagbag.py","lineno":460}
{"timestamp":"2026-08-02T21:10:33.111449Z","level":"info","event":"Filling up the DagBag from /opt/airflow/dags/10_schedule_delta.py","logger":"airflow.dag_processing.dagbag.BundleDagBag","filename":"dagbag.py","lineno":460}
{"timestamp":"2026-08-02T21:11:03.332993Z","level":"info","event":"Filling up the DagBag from /opt/airflow/dags/10_schedule_delta.py","logger":"airflow.dag_processing.dagbag.BundleDagBag","filename":"dagbag.py","lineno":460}
{"timestamp":"2026-08-02T21:11:33.518574Z","level":"info","event":"Filling up the DagBag from /opt/airflow/dags/10_schedule_delta.py","logger":"airflow.dag_processing.dagbag.BundleDagBag","filename":"dagbag.py","lineno":460}
{"timestamp":"2026-08-02T21:12:03.764191Z","level":"info","event":"Filling up the DagBag from /opt/airflow/dags/10_schedule_delta.py","logger":"airflow.dag_processing.dagbag.BundleDagBag","filename":"dagbag.py","lineno":460}
{"timestamp":"2026-08-02T21:12:34.453534Z","level":"info","event":"Filling up the DagBag from /opt/airflow/dags/10_schedule_delta.py","logger":"airflow.dag_processing.dagbag.BundleDagBag","filename":"dagbag.py","lineno":460}
{"timestamp":"2026-08-02T21:13:04.834930Z","level":"info","event":"Filling up the DagBag from /opt/airflow/dags/10_schedule_delta.py","logger":"airflow.dag_processing.dagbag.BundleDagBag","filename":"dagbag.py","lineno":460}
{"timestamp":"2026-08-02T21:13:35.041352Z","level":"info","event":"Filling up the DagBag from /opt/airflow/dags/10_schedule_delta.py","logger":"airflow.dag_processing.dagbag.BundleDagBag","filename":"dagbag.py","lineno":460}
{"timestamp":"2026-08-02T21:14:06.059160Z","level":"info","event":"Filling up the DagBag from /opt/airflow/dags/10_schedule_delta.py","logger":"airflow.dag_processing.dagbag.BundleDagBag","filename":"dagbag.py","lineno":460}
{"timestamp":"2026-08-02T21:14:37.218709Z","level":"info","event":"Filling up the DagBag from /opt/airflow/dags/10_schedule_delta.py","logger":"airflow.dag_processing.dagbag.BundleDagBag","filename":"dagbag.py","lineno":460}
{"timestamp":"2026-08-02T21:15:15.295064Z","level":"info","event":"Filling up the DagBag from /opt/airflow/dags/10_schedule_delta.py","logger":"airflow.dag_processing.dagbag.BundleDagBag","filename":"dagbag.py","lineno":460}
{"timestamp":"2026-08-02T21:15:47.040087Z","level":"info","event":"Filling up the DagBag from /opt/airflow/dags/10_schedule_delta.py","logger":"airflow.dag_processing.dagbag.BundleDagBag","filename":"dagbag.py","lineno":460}
{"timestamp":"2026-08-02T21:16:17.724871Z","level":"info","event":"Filling up the DagBag from /opt/airflow/dags/10_schedule_delta.py","logger":"airflow.dag_processing.dagbag.BundleDagBag","filename":"dagbag.py","lineno":460}
{"timestamp":"2026-08-02T21:16:48.791368Z","level":"info","event":"Filling up the DagBag from /opt/airflow/dags/10_schedule_delta.py","logger":"airflow.dag_processing.dagbag.BundleDagBag","filename":"dagbag.py","lineno":460}
{"timestamp":"2026-08-02T21:17:19.061069Z","level":"info","event":"Filling up the DagBag from /opt/airflow/dags/10_schedule_delta.py","logger":"airflow.dag_processing.dagbag.BundleDagBag","filename":"dagbag.py","lineno":460}
{"timestamp":"2026-08-02T21:17:50.161095Z","level":"info","event":"Filling up the DagBag from /opt/airflow/dags/10_schedule_delta.py","logger":"airflow.dag_processing.dagbag.BundleDagBag","filename":"dagbag.py","lineno":460}
{"timestamp":"2026-08-02T21:18:21.321098Z","level":"info","event":"Filling up the DagBag from /opt/airflow/dags/10_schedule_delta.py","logger":"airflow.dag_processing.dagbag.BundleDagBag","filename":"dagbag.py","lineno":460}
{"timestamp":"2026-08-02T21:18:52.384826Z","level":"info","event":"Filling up the DagBag from /opt/airflow/dags/10_schedule_delta.py","logger":"airflow.dag_processing.dagbag.BundleDagBag","filename":"dagbag.py","lineno":460}
{"timestamp":"2026-08-02T21:19:23.351091Z","level":"info","event":"Filling up the DagBag from /opt/airflow/dags/10_schedule_delta.py","logger":"airflow.dag_processing.dagbag.BundleDagBag","filename":"dagbag.py","lineno":460}
{"timestamp":"2026-08-02T21:19:54.346447Z","level":"info","event":"Filling up the DagBag from /opt/airflow/dags/10_schedule_delta.py","logger":"airflow.dag_processing.dagbag.BundleDagBag","filename":"dagbag.py","lineno":460}
{"timestamp":"2026-08-02T21:20:25.279827Z","level":"info","event":"Filling up the DagBag from /opt/airflow/dags/10_schedule_delta.py","logger":"airflow.dag_processing.dagbag.BundleDagBag","filename":"dagbag.py","lineno":460}
{"timestamp":"2026-08-02T21:20:56.279765Z","level":"info","event":"Filling up the DagBag from /opt/airflow/dags/10_schedule_delta.py","logger":"airflow.dag_processing.dagbag.BundleDagBag","filename":"dagbag.py","lineno":460}
{"timestamp":"2026-08-02T21:21:27.234333Z","level":"info","event":"Filling up the DagBag from /opt/airflow/dags/10_schedule_delta.py","logger":"airflow.dag_processing.dagbag.BundleDagBag","filename":"dagbag.py","lineno":460}
{"timestamp":"2026-08-02T21:21:58.094538Z","level":"info","event":"Filling up the DagBag from /opt/airflow/dags/10_schedule_delta.py","logger":"airflow.dag_processing.dagbag.BundleDagBag","filename":"dagbag.py","lineno":460}
{"timestamp":"2026-08-02T21:22:29.055276Z","level":"info","event":"Filling up the DagBag from /opt/airflow/dags/10_schedule_delta.py","logger":"airflow.dag_processing.dagbag.BundleDagBag","filename":"dagbag.py","lineno":460}
{"timestamp":"2026-08-02T21:22:59.930194Z","level":"info","event":"Filling up the DagBag from /opt/airflow/dags/10_schedule_delta.py","logger":"airflow.dag_processing.dagbag.BundleDagBag","filename":"dagbag.py","lineno":460}
{"timestamp":"2026-08-02T21:23:30.173890Z","level":"info","event":"Filling up the DagBag from /opt/airflow/dags/10_schedule_delta.py","logger":"airflow.dag_processing.dagbag.BundleDagBag","filename":"dagbag.py","lineno":460}
{"timestamp":"2026-08-02T21:24:00.276334Z","level":"info","event":"Filling up the DagBag from /opt/airflow/dags/10_schedule_delta.py","logger":"airflow.dag_processing.dagbag.BundleDagBag","filename":"dagbag.py","lineno":460}
{"timestamp":"2026-08-02T21:24:31.350323Z","level":"info","event":"Filling up the DagBag from /opt/airflow/dags/10_schedule_delta.py","logger":"airflow.dag_processing.dagbag.BundleDagBag","filename":"dagbag.py","lineno":460}
{"timestamp":"2026-08-02T21:25:02.324876Z","level":"info","event":"Filling up the DagBag from /opt/airflow/dags/10_schedule_delta.py","logger":"airflow.dag_processing.dagbag.BundleDagBag","filename":"dagbag.py","lineno":460}
{"timestamp":"2026-08-02T21:25:32.468138Z","level":"info","event":"Filling up the DagBag from /opt/airflow/dags/10_schedule_delta.py","logger":"airflow.dag_processing.dagbag.BundleDagBag","filename":"dagbag.py","lineno":460}
{"timestamp":"2026-08-02T21:26:02.739571Z","level":"info","event":"Filling up the DagBag from /opt/airflow/dags/10_schedule_delta.py","logger":"airflow.dag_processing.dagbag.BundleDagBag","filename":"dagbag.py","lineno":460}
{"timestamp":"2026-08-02T21:26:32.916923Z","level":"info","event":"Filling up the DagBag from /opt/airflow/dags/10_schedule_delta.py","logger":"airflow.dag_processing.dagbag.BundleDagBag","filename":"dagbag.py","lineno":460}
{"timestamp":"2026-08-02T21:27:03.078626Z","level":"info","event":"Filling up the DagBag from /opt/airflow/dags/10_schedule_delta.py","logger":"airflow.dag_processing.dagbag.BundleDagBag","filename":"dagbag.py","lineno":460}
{"timestamp":"2026-08-02T21:27:33.437693Z","level":"info","event":"Filling up the DagBag from /opt/airflow/dags/10_schedule_delta.py","logger":"airflow.dag_processing.dagbag.BundleDagBag","filename":"dagbag.py","lineno":460}
{"timestamp":"2026-08-02T21:28:03.662373Z","level":"info","event":"Filling up the DagBag from /opt/airflow/dags/10_schedule_delta.py","logger":"airflow.dag_processing.dagbag.BundleDagBag","filename":"dagbag.py","lineno":460}
{"timestamp":"2026-08-02T21:28:33.819384Z","level":"info","event":"Filling up the DagBag from /opt/airflow/dags/10_schedule_delta.py","logger":"airflow.dag_processing.dagbag.BundleDagBag","filename":"dagbag.py","lineno":460}
{"timestamp":"2026-08-02T21:29:04.107845Z","level":"info","event":"Filling up the DagBag from /opt/airflow/dags/10_schedule_delta.py","logger":"airflow.dag_processing.dagbag.BundleDagBag","filename":"dagbag.py","lineno":460}
{"timestamp":"2026-08-02T21:29:34.257451Z","level":"info","event":"Filling up the DagBag from /opt/airflow/dags/10_schedule_delta.py","logger":"airflow.dag_processing.dagbag.BundleDagBag","filename":"dagbag.py","lineno":460}
{"timestamp":"2026-08-02T21:30:04.461229Z","level":"info","event":"Filling up the DagBag from /opt/airflow/dags/10_schedule_delta.py","logger":"airflow.dag_processing.dagbag.BundleDagBag","filename":"dagbag.py","lineno":460}
{"timestamp":"2026-08-02T21:30:34.608978Z","level":"info","event":"Filling up the DagBag from /opt/airflow/dags/10_schedule_delta.py","logger":"airflow.dag_processing.dagbag.BundleDagBag","filename":"dagbag.py","lineno":460}
{"timestamp":"2026-08-02T21:31:05.602842Z","level":"info","event":"Filling up the DagBag from /opt/airflow/dags/10_schedule_delta.py","logger":"airflow.dag_processing.dagbag.BundleDagBag","filename":"dagbag.py","lineno":460}
{"timestamp":"2026-08-02T21:31:35.747660Z","level":"info","event":"Filling up the DagBag from /opt/airflow/dags/10_schedule_delta.py","logger":"airflow.dag_processing.dagbag.BundleDagBag","filename":"dagbag.py","lineno":460}
{"timestamp":"2026-08-02T21:32:06.866971Z","level":"info","event":"Filling up the DagBag from /opt/airflow/dags/10_schedule_delta.py","logger":"airflow.dag_processing.dagbag.BundleDagBag","filename":"dagbag.py","lineno":460}
{"timestamp":"2026-08-02T21:32:37.962353Z","level":"info","event":"Filling up the DagBag from /opt/airflow/dags/10_schedule_delta.py","logger":"airflow.dag_processing.dagbag.BundleDagBag","filename":"dagbag.py","lineno":460}
{"timestamp":"2026-08-02T21:33:09.126161Z","level":"info","event":"Filling up the DagBag from /opt/airflow/dags/10_schedule_delta.py","logger":"airflow.dag_processing.dagbag.BundleDagBag","filename":"dagbag.py","lineno":460}
{"timestamp":"2026-08-02T21:33:39.275509Z","level":"info","event":"Filling up the DagBag from /opt/airflow/dags/10_schedule_delta.py","logger":"airflow.dag_processing.dagbag.BundleDagBag","filename":"dagbag.py","lineno":460}
{"timestamp":"2026-08-02T21:34:09.485945Z","level":"info","event":"Filling up the DagBag from /opt/airflow/dags/10_schedule_delta.py","logger":"airflow.dag_processing.dagbag.BundleDagBag","filename":"dagbag.py","lineno":460}
{"timestamp":"2026-08-02T21:34:40.570023Z","level":"info","event":"Filling up the DagBag from /opt/airflow/dags/10_schedule_delta.py","logger":"airflow.dag_processing.dagbag.BundleDagBag","filename":"dagbag.py","lineno":460}
{"timestamp":"2026-08-02T21:35:11.713885Z","level":"info","event":"Filling up the DagBag from /opt/airflow/dags/10_schedule_delta.py","logger":"airflow.dag_processing.dagbag.BundleDagBag","filename":"dagbag.py","lineno":460}
{"timestamp":"2026-08-02T21:35:41.928849Z","level":"info","event":"Filling up the DagBag from /opt/airflow/dags/10_schedule_delta.py","logger":"airflow.dag_processing.dagbag.BundleDagBag","filename":"dagbag.py","lineno":460}
{"timestamp":"2026-08-02T21:36:13.013748Z","level":"info","event":"Filling up the DagBag from /opt/airflow/dags/10_schedule_delta.py","logger":"airflow.dag_processing.dagbag.BundleDagBag","filename":"dagbag.py","lineno":460}
{"timestamp":"2026-08-02T21:36:43.452438Z","level":"info","event":"Filling up the DagBag from /opt/airflow/dags/10_schedule_delta.py","logger":"airflow.dag_processing.dagbag.BundleDagBag","filename":"dagbag.py","lineno":460}
