{"timestamp":"2026-07-30T19:12:27.638844Z","level":"info","event":"Filling up the DagBag from /opt/airflow/dags/1_first_dag.py","logger":"airflow.dag_processing.dagbag.BundleDagBag","filename":"dagbag.py","lineno":460}
{"timestamp":"2026-07-30T19:12:27.643409Z","level":"error","event":"Failed to import: /opt/airflow/dags/1_first_dag.py","logger":"airflow.dag_processing.importers.python_importer","filename":"python_importer.py","lineno":244,"error_detail":[{"exc_type":"SyntaxError","exc_value":"invalid syntax (1_first_dag.py, line 3)","exc_notes":[],"syntax_error":{"offset":0,"filename":"/opt/airflow/dags/1_first_dag.py","line":"@dag","lineno":3,"msg":"invalid syntax"},"is_cause":false,"frames":[{"filename":"/home/airflow/.local/lib/python3.13/site-packages/airflow/dag_processing/importers/python_importer.py","lineno":238,"name":"parse"},{"filename":"<frozen importlib._bootstrap_external>","lineno":1019,"name":"exec_module"},{"filename":"<frozen importlib._bootstrap_external>","lineno":1157,"name":"get_code"},{"filename":"<frozen importlib._bootstrap_external>","lineno":1087,"name":"source_to_code"},{"filename":"<frozen importlib._bootstrap>","lineno":488,"name":"_call_with_frames_removed"}],"is_group":false,"exceptions":[]}]}
{"timestamp":"2026-07-30T19:12:27.644870Z","level":"error","event":"Error loading DAG from 1_first_dag.py: invalid syntax (1_first_dag.py, line 3)","logger":"airflow.dag_processing.dagbag.BundleDagBag","filename":"dagbag.py","lineno":319}
{"timestamp":"2026-07-30T19:12:58.148045Z","level":"info","event":"Filling up the DagBag from /opt/airflow/dags/1_first_dag.py","logger":"airflow.dag_processing.dagbag.BundleDagBag","filename":"dagbag.py","lineno":460}
{"timestamp":"2026-07-30T19:12:58.151976Z","level":"error","event":"Failed to import: /opt/airflow/dags/1_first_dag.py","logger":"airflow.dag_processing.importers.python_importer","filename":"python_importer.py","lineno":244,"error_detail":[{"exc_type":"SyntaxError","exc_value":"invalid syntax (1_first_dag.py, line 3)","exc_notes":[],"syntax_error":{"offset":0,"filename":"/opt/airflow/dags/1_first_dag.py","line":"@dag","lineno":3,"msg":"invalid syntax"},"is_cause":false,"frames":[{"filename":"/home/airflow/.local/lib/python3.13/site-packages/airflow/dag_processing/importers/python_importer.py","lineno":238,"name":"parse"},{"filename":"<frozen importlib._bootstrap_external>","lineno":1019,"name":"exec_module"},{"filename":"<frozen importlib._bootstrap_external>","lineno":1157,"name":"get_code"},{"filename":"<frozen importlib._bootstrap_external>","lineno":1087,"name":"source_to_code"},{"filename":"<frozen importlib._bootstrap>","lineno":488,"name":"_call_with_frames_removed"}],"is_group":false,"exceptions":[]}]}
{"timestamp":"2026-07-30T19:12:58.152819Z","level":"error","event":"Error loading DAG from 1_first_dag.py: invalid syntax (1_first_dag.py, line 3)","logger":"airflow.dag_processing.dagbag.BundleDagBag","filename":"dagbag.py","lineno":319}
{"timestamp":"2026-07-30T19:13:28.816050Z","level":"info","event":"Filling up the DagBag from /opt/airflow/dags/1_first_dag.py","logger":"airflow.dag_processing.dagbag.BundleDagBag","filename":"dagbag.py","lineno":460}
{"timestamp":"2026-07-30T19:13:28.822304Z","level":"error","event":"Failed to import: /opt/airflow/dags/1_first_dag.py","logger":"airflow.dag_processing.importers.python_importer","filename":"python_importer.py","lineno":244,"error_detail":[{"exc_type":"SyntaxError","exc_value":"invalid syntax (1_first_dag.py, line 3)","exc_notes":[],"syntax_error":{"offset":0,"filename":"/opt/airflow/dags/1_first_dag.py","line":"@dag","lineno":3,"msg":"invalid syntax"},"is_cause":false,"frames":[{"filename":"/home/airflow/.local/lib/python3.13/site-packages/airflow/dag_processing/importers/python_importer.py","lineno":238,"name":"parse"},{"filename":"<frozen importlib._bootstrap_external>","lineno":1019,"name":"exec_module"},{"filename":"<frozen importlib._bootstrap_external>","lineno":1157,"name":"get_code"},{"filename":"<frozen importlib._bootstrap_external>","lineno":1087,"name":"source_to_code"},{"filename":"<frozen importlib._bootstrap>","lineno":488,"name":"_call_with_frames_removed"}],"is_group":false,"exceptions":[]}]}
{"timestamp":"2026-07-30T19:13:28.823466Z","level":"error","event":"Error loading DAG from 1_first_dag.py: invalid syntax (1_first_dag.py, line 3)","logger":"airflow.dag_processing.dagbag.BundleDagBag","filename":"dagbag.py","lineno":319}
{"timestamp":"2026-07-30T19:13:59.565393Z","level":"info","event":"Filling up the DagBag from /opt/airflow/dags/1_first_dag.py","logger":"airflow.dag_processing.dagbag.BundleDagBag","filename":"dagbag.py","lineno":460}
{"timestamp":"2026-07-30T19:13:59.575049Z","level":"error","event":"Failed to import: /opt/airflow/dags/1_first_dag.py","logger":"airflow.dag_processing.importers.python_importer","filename":"python_importer.py","lineno":244,"error_detail":[{"exc_type":"SyntaxError","exc_value":"invalid syntax (1_first_dag.py, line 3)","exc_notes":[],"syntax_error":{"offset":0,"filename":"/opt/airflow/dags/1_first_dag.py","line":"@dag","lineno":3,"msg":"invalid syntax"},"is_cause":false,"frames":[{"filename":"/home/airflow/.local/lib/python3.13/site-packages/airflow/dag_processing/importers/python_importer.py","lineno":238,"name":"parse"},{"filename":"<frozen importlib._bootstrap_external>","lineno":1019,"name":"exec_module"},{"filename":"<frozen importlib._bootstrap_external>","lineno":1157,"name":"get_code"},{"filename":"<frozen importlib._bootstrap_external>","lineno":1087,"name":"source_to_code"},{"filename":"<frozen importlib._bootstrap>","lineno":488,"name":"_call_with_frames_removed"}],"is_group":false,"exceptions":[]}]}
{"timestamp":"2026-07-30T19:13:59.582049Z","level":"error","event":"Error loading DAG from 1_first_dag.py: invalid syntax (1_first_dag.py, line 3)","logger":"airflow.dag_processing.dagbag.BundleDagBag","filename":"dagbag.py","lineno":319}
{"timestamp":"2026-07-30T19:14:30.150895Z","level":"info","event":"Filling up the DagBag from /opt/airflow/dags/1_first_dag.py","logger":"airflow.dag_processing.dagbag.BundleDagBag","filename":"dagbag.py","lineno":460}
{"timestamp":"2026-07-30T19:14:30.177378Z","level":"error","event":"Failed to import: /opt/airflow/dags/1_first_dag.py","logger":"airflow.dag_processing.importers.python_importer","filename":"python_importer.py","lineno":244,"error_detail":[{"exc_type":"SyntaxError","exc_value":"invalid syntax (1_first_dag.py, line 3)","exc_notes":[],"syntax_error":{"offset":0,"filename":"/opt/airflow/dags/1_first_dag.py","line":"@dag","lineno":3,"msg":"invalid syntax"},"is_cause":false,"frames":[{"filename":"/home/airflow/.local/lib/python3.13/site-packages/airflow/dag_processing/importers/python_importer.py","lineno":238,"name":"parse"},{"filename":"<frozen importlib._bootstrap_external>","lineno":1019,"name":"exec_module"},{"filename":"<frozen importlib._bootstrap_external>","lineno":1157,"name":"get_code"},{"filename":"<frozen importlib._bootstrap_external>","lineno":1087,"name":"source_to_code"},{"filename":"<frozen importlib._bootstrap>","lineno":488,"name":"_call_with_frames_removed"}],"is_group":false,"exceptions":[]}]}
{"timestamp":"2026-07-30T19:14:30.178810Z","level":"error","event":"Error loading DAG from 1_first_dag.py: invalid syntax (1_first_dag.py, line 3)","logger":"airflow.dag_processing.dagbag.BundleDagBag","filename":"dagbag.py","lineno":319}
{"timestamp":"2026-07-30T19:14:58.562038Z","level":"info","event":"Filling up the DagBag from /opt/airflow/dags/1_first_dag.py","logger":"airflow.dag_processing.dagbag.BundleDagBag","filename":"dagbag.py","lineno":460}
{"timestamp":"2026-07-30T19:14:58.564542Z","level":"info","event":"File /opt/airflow/dags/1_first_dag.py assumed to contain no DAGs. Skipping.","logger":"airflow.dag_processing.dagbag.BundleDagBag","filename":"dagbag.py","lineno":310}
{"timestamp":"2026-07-30T19:15:29.097921Z","level":"info","event":"Filling up the DagBag from /opt/airflow/dags/1_first_dag.py","logger":"airflow.dag_processing.dagbag.BundleDagBag","filename":"dagbag.py","lineno":460}
{"timestamp":"2026-07-30T19:15:29.100302Z","level":"info","event":"File /opt/airflow/dags/1_first_dag.py assumed to contain no DAGs. Skipping.","logger":"airflow.dag_processing.dagbag.BundleDagBag","filename":"dagbag.py","lineno":310}
{"timestamp":"2026-07-30T19:15:59.549726Z","level":"info","event":"Filling up the DagBag from /opt/airflow/dags/1_first_dag.py","logger":"airflow.dag_processing.dagbag.BundleDagBag","filename":"dagbag.py","lineno":460}
{"timestamp":"2026-07-30T19:15:59.552133Z","level":"info","event":"File /opt/airflow/dags/1_first_dag.py assumed to contain no DAGs. Skipping.","logger":"airflow.dag_processing.dagbag.BundleDagBag","filename":"dagbag.py","lineno":310}
{"timestamp":"2026-07-30T19:16:30.530304Z","level":"info","event":"Filling up the DagBag from /opt/airflow/dags/1_first_dag.py","logger":"airflow.dag_processing.dagbag.BundleDagBag","filename":"dagbag.py","lineno":460}
{"timestamp":"2026-07-30T19:16:30.532672Z","level":"info","event":"File /opt/airflow/dags/1_first_dag.py assumed to contain no DAGs. Skipping.","logger":"airflow.dag_processing.dagbag.BundleDagBag","filename":"dagbag.py","lineno":310}
{"timestamp":"2026-07-30T19:17:01.024160Z","level":"info","event":"Filling up the DagBag from /opt/airflow/dags/1_first_dag.py","logger":"airflow.dag_processing.dagbag.BundleDagBag","filename":"dagbag.py","lineno":460}
{"timestamp":"2026-07-30T19:17:01.027596Z","level":"info","event":"File /opt/airflow/dags/1_first_dag.py assumed to contain no DAGs. Skipping.","logger":"airflow.dag_processing.dagbag.BundleDagBag","filename":"dagbag.py","lineno":310}
{"timestamp":"2026-07-30T19:27:36.945476Z","level":"info","event":"Filling up the DagBag from /opt/airflow/dags/1_first_dag.py","logger":"airflow.dag_processing.dagbag.BundleDagBag","filename":"dagbag.py","lineno":460}
{"timestamp":"2026-07-30T19:27:36.953760Z","level":"error","event":"Failed to import: /opt/airflow/dags/1_first_dag.py","logger":"airflow.dag_processing.importers.python_importer","filename":"python_importer.py","lineno":244,"error_detail":[{"exc_type":"IndentationError","exc_value":"expected an indented block after function definition on line 8 (1_first_dag.py, line 9)","exc_notes":[],"syntax_error":{"offset":9,"filename":"/opt/airflow/dags/1_first_dag.py","line":"        \n","lineno":9,"msg":"expected an indented block after function definition on line 8"},"is_cause":false,"frames":[{"filename":"/home/airflow/.local/lib/python3.13/site-packages/airflow/dag_processing/importers/python_importer.py","lineno":238,"name":"parse"},{"filename":"<frozen importlib._bootstrap_external>","lineno":1019,"name":"exec_module"},{"filename":"<frozen importlib._bootstrap_external>","lineno":1157,"name":"get_code"},{"filename":"<frozen importlib._bootstrap_external>","lineno":1087,"name":"source_to_code"},{"filename":"<frozen importlib._bootstrap>","lineno":488,"name":"_call_with_frames_removed"}],"is_group":false,"exceptions":[]}]}
{"timestamp":"2026-07-30T19:27:36.954621Z","level":"error","event":"Error loading DAG from 1_first_dag.py: expected an indented block after function definition on line 8 (1_first_dag.py, line 9)","logger":"airflow.dag_processing.dagbag.BundleDagBag","filename":"dagbag.py","lineno":319}
{"timestamp":"2026-07-30T19:27:58.306175Z","level":"info","event":"Filling up the DagBag from /opt/airflow/dags/1_first_dag.py","logger":"airflow.dag_processing.dagbag.BundleDagBag","filename":"dagbag.py","lineno":460}
{"timestamp":"2026-07-30T19:27:58.338373Z","level":"error","event":"Failed to import: /opt/airflow/dags/1_first_dag.py","logger":"airflow.dag_processing.importers.python_importer","filename":"python_importer.py","lineno":244,"error_detail":[{"exc_type":"IndentationError","exc_value":"expected an indented block after function definition on line 8 (1_first_dag.py, line 9)","exc_notes":[],"syntax_error":{"offset":1,"filename":"/opt/airflow/dags/1_first_dag.py","line":"\n","lineno":9,"msg":"expected an indented block after function definition on line 8"},"is_cause":false,"frames":[{"filename":"/home/airflow/.local/lib/python3.13/site-packages/airflow/dag_processing/importers/python_importer.py","lineno":238,"name":"parse"},{"filename":"<frozen importlib._bootstrap_external>","lineno":1019,"name":"exec_module"},{"filename":"<frozen importlib._bootstrap_external>","lineno":1157,"name":"get_code"},{"filename":"<frozen importlib._bootstrap_external>","lineno":1087,"name":"source_to_code"},{"filename":"<frozen importlib._bootstrap>","lineno":488,"name":"_call_with_frames_removed"}],"is_group":false,"exceptions":[]}]}
{"timestamp":"2026-07-30T19:27:58.483209Z","level":"error","event":"Error loading DAG from 1_first_dag.py: expected an indented block after function definition on line 8 (1_first_dag.py, line 9)","logger":"airflow.dag_processing.dagbag.BundleDagBag","filename":"dagbag.py","lineno":319}
{"timestamp":"2026-07-30T19:28:11.944100Z","level":"info","event":"Filling up the DagBag from /opt/airflow/dags/1_first_dag.py","logger":"airflow.dag_processing.dagbag.BundleDagBag","filename":"dagbag.py","lineno":460}
{"timestamp":"2026-07-30T19:28:11.951984Z","level":"error","event":"Failed to import: /opt/airflow/dags/1_first_dag.py","logger":"airflow.dag_processing.importers.python_importer","filename":"python_importer.py","lineno":244,"error_detail":[{"exc_type":"IndentationError","exc_value":"expected an indented block after function definition on line 8 (1_first_dag.py, line 9)","exc_notes":[],"syntax_error":{"offset":1,"filename":"/opt/airflow/dags/1_first_dag.py","line":"\n","lineno":9,"msg":"expected an indented block after function definition on line 8"},"is_cause":false,"frames":[{"filename":"/home/airflow/.local/lib/python3.13/site-packages/airflow/dag_processing/importers/python_importer.py","lineno":238,"name":"parse"},{"filename":"<frozen importlib._bootstrap_external>","lineno":1019,"name":"exec_module"},{"filename":"<frozen importlib._bootstrap_external>","lineno":1157,"name":"get_code"},{"filename":"<frozen importlib._bootstrap_external>","lineno":1087,"name":"source_to_code"},{"filename":"<frozen importlib._bootstrap>","lineno":488,"name":"_call_with_frames_removed"}],"is_group":false,"exceptions":[]}]}
{"timestamp":"2026-07-30T19:28:11.953590Z","level":"error","event":"Error loading DAG from 1_first_dag.py: expected an indented block after function definition on line 8 (1_first_dag.py, line 9)","logger":"airflow.dag_processing.dagbag.BundleDagBag","filename":"dagbag.py","lineno":319}
{"timestamp":"2026-07-30T19:28:39.360421Z","level":"info","event":"Filling up the DagBag from /opt/airflow/dags/1_first_dag.py","logger":"airflow.dag_processing.dagbag.BundleDagBag","filename":"dagbag.py","lineno":460}
{"timestamp":"2026-07-30T19:29:09.976680Z","level":"info","event":"Filling up the DagBag from /opt/airflow/dags/1_first_dag.py","logger":"airflow.dag_processing.dagbag.BundleDagBag","filename":"dagbag.py","lineno":460}
{"timestamp":"2026-07-30T19:29:39.508054Z","level":"info","event":"Filling up the DagBag from /opt/airflow/dags/1_first_dag.py","logger":"airflow.dag_processing.dagbag.BundleDagBag","filename":"dagbag.py","lineno":460}
{"timestamp":"2026-07-30T19:29:48.768901Z","level":"info","event":"Filling up the DagBag from /opt/airflow/dags/1_first_dag.py","logger":"airflow.dag_processing.dagbag.BundleDagBag","filename":"dagbag.py","lineno":460}
{"timestamp":"2026-07-30T19:30:19.224565Z","level":"info","event":"Filling up the DagBag from /opt/airflow/dags/1_first_dag.py","logger":"airflow.dag_processing.dagbag.BundleDagBag","filename":"dagbag.py","lineno":460}
{"timestamp":"2026-07-30T19:30:28.618236Z","level":"info","event":"Filling up the DagBag from /opt/airflow/dags/1_first_dag.py","logger":"airflow.dag_processing.dagbag.BundleDagBag","filename":"dagbag.py","lineno":460}
{"timestamp":"2026-07-30T19:30:59.052433Z","level":"info","event":"Filling up the DagBag from /opt/airflow/dags/1_first_dag.py","logger":"airflow.dag_processing.dagbag.BundleDagBag","filename":"dagbag.py","lineno":460}
{"timestamp":"2026-07-30T19:31:29.748956Z","level":"info","event":"Filling up the DagBag from /opt/airflow/dags/1_first_dag.py","logger":"airflow.dag_processing.dagbag.BundleDagBag","filename":"dagbag.py","lineno":460}
{"timestamp":"2026-07-30T19:32:00.378801Z","level":"info","event":"Filling up the DagBag from /opt/airflow/dags/1_first_dag.py","logger":"airflow.dag_processing.dagbag.BundleDagBag","filename":"dagbag.py","lineno":460}
{"timestamp":"2026-07-30T19:32:13.724808Z","level":"info","event":"Filling up the DagBag from /opt/airflow/dags/1_first_dag.py","logger":"airflow.dag_processing.dagbag.BundleDagBag","filename":"dagbag.py","lineno":460}
{"timestamp":"2026-07-30T19:32:44.362179Z","level":"info","event":"Filling up the DagBag from /opt/airflow/dags/1_first_dag.py","logger":"airflow.dag_processing.dagbag.BundleDagBag","filename":"dagbag.py","lineno":460}
{"timestamp":"2026-07-30T19:33:14.908252Z","level":"info","event":"Filling up the DagBag from /opt/airflow/dags/1_first_dag.py","logger":"airflow.dag_processing.dagbag.BundleDagBag","filename":"dagbag.py","lineno":460}
{"timestamp":"2026-07-30T19:33:45.491021Z","level":"info","event":"Filling up the DagBag from /opt/airflow/dags/1_first_dag.py","logger":"airflow.dag_processing.dagbag.BundleDagBag","filename":"dagbag.py","lineno":460}
{"timestamp":"2026-07-30T19:34:15.916777Z","level":"info","event":"Filling up the DagBag from /opt/airflow/dags/1_first_dag.py","logger":"airflow.dag_processing.dagbag.BundleDagBag","filename":"dagbag.py","lineno":460}
{"timestamp":"2026-07-30T19:34:46.404043Z","level":"info","event":"Filling up the DagBag from /opt/airflow/dags/1_first_dag.py","logger":"airflow.dag_processing.dagbag.BundleDagBag","filename":"dagbag.py","lineno":460}
{"timestamp":"2026-07-30T19:35:16.927269Z","level":"info","event":"Filling up the DagBag from /opt/airflow/dags/1_first_dag.py","logger":"airflow.dag_processing.dagbag.BundleDagBag","filename":"dagbag.py","lineno":460}
{"timestamp":"2026-07-30T19:35:47.500392Z","level":"info","event":"Filling up the DagBag from /opt/airflow/dags/1_first_dag.py","logger":"airflow.dag_processing.dagbag.BundleDagBag","filename":"dagbag.py","lineno":460}
{"timestamp":"2026-07-30T19:36:18.210538Z","level":"info","event":"Filling up the DagBag from /opt/airflow/dags/1_first_dag.py","logger":"airflow.dag_processing.dagbag.BundleDagBag","filename":"dagbag.py","lineno":460}
{"timestamp":"2026-07-30T19:36:48.883560Z","level":"info","event":"Filling up the DagBag from /opt/airflow/dags/1_first_dag.py","logger":"airflow.dag_processing.dagbag.BundleDagBag","filename":"dagbag.py","lineno":460}
{"timestamp":"2026-07-30T19:37:19.356165Z","level":"info","event":"Filling up the DagBag from /opt/airflow/dags/1_first_dag.py","logger":"airflow.dag_processing.dagbag.BundleDagBag","filename":"dagbag.py","lineno":460}
{"timestamp":"2026-07-30T19:37:50.081192Z","level":"info","event":"Filling up the DagBag from /opt/airflow/dags/1_first_dag.py","logger":"airflow.dag_processing.dagbag.BundleDagBag","filename":"dagbag.py","lineno":460}
{"timestamp":"2026-07-30T19:38:20.859056Z","level":"info","event":"Filling up the DagBag from /opt/airflow/dags/1_first_dag.py","logger":"airflow.dag_processing.dagbag.BundleDagBag","filename":"dagbag.py","lineno":460}
{"timestamp":"2026-07-30T19:38:51.686899Z","level":"info","event":"Filling up the DagBag from /opt/airflow/dags/1_first_dag.py","logger":"airflow.dag_processing.dagbag.BundleDagBag","filename":"dagbag.py","lineno":460}
{"timestamp":"2026-07-30T19:39:22.444486Z","level":"info","event":"Filling up the DagBag from /opt/airflow/dags/1_first_dag.py","logger":"airflow.dag_processing.dagbag.BundleDagBag","filename":"dagbag.py","lineno":460}
{"timestamp":"2026-07-30T19:39:53.016417Z","level":"info","event":"Filling up the DagBag from /opt/airflow/dags/1_first_dag.py","logger":"airflow.dag_processing.dagbag.BundleDagBag","filename":"dagbag.py","lineno":460}
{"timestamp":"2026-07-30T19:40:23.378213Z","level":"info","event":"Filling up the DagBag from /opt/airflow/dags/1_first_dag.py","logger":"airflow.dag_processing.dagbag.BundleDagBag","filename":"dagbag.py","lineno":460}
{"timestamp":"2026-07-30T19:40:54.029661Z","level":"info","event":"Filling up the DagBag from /opt/airflow/dags/1_first_dag.py","logger":"airflow.dag_processing.dagbag.BundleDagBag","filename":"dagbag.py","lineno":460}
{"timestamp":"2026-07-30T19:41:24.561490Z","level":"info","event":"Filling up the DagBag from /opt/airflow/dags/1_first_dag.py","logger":"airflow.dag_processing.dagbag.BundleDagBag","filename":"dagbag.py","lineno":460}
{"timestamp":"2026-07-30T19:41:55.639931Z","level":"info","event":"Filling up the DagBag from /opt/airflow/dags/1_first_dag.py","logger":"airflow.dag_processing.dagbag.BundleDagBag","filename":"dagbag.py","lineno":460}
{"timestamp":"2026-07-30T19:42:25.962725Z","level":"info","event":"Filling up the DagBag from /opt/airflow/dags/1_first_dag.py","logger":"airflow.dag_processing.dagbag.BundleDagBag","filename":"dagbag.py","lineno":460}
{"timestamp":"2026-07-30T19:42:56.508092Z","level":"info","event":"Filling up the DagBag from /opt/airflow/dags/1_first_dag.py","logger":"airflow.dag_processing.dagbag.BundleDagBag","filename":"dagbag.py","lineno":460}
{"timestamp":"2026-07-30T19:43:27.088998Z","level":"info","event":"Filling up the DagBag from /opt/airflow/dags/1_first_dag.py","logger":"airflow.dag_processing.dagbag.BundleDagBag","filename":"dagbag.py","lineno":460}
{"timestamp":"2026-07-30T19:43:57.764009Z","level":"info","event":"Filling up the DagBag from /opt/airflow/dags/1_first_dag.py","logger":"airflow.dag_processing.dagbag.BundleDagBag","filename":"dagbag.py","lineno":460}
{"timestamp":"2026-07-30T19:44:28.307498Z","level":"info","event":"Filling up the DagBag from /opt/airflow/dags/1_first_dag.py","logger":"airflow.dag_processing.dagbag.BundleDagBag","filename":"dagbag.py","lineno":460}
{"timestamp":"2026-07-30T19:44:58.871810Z","level":"info","event":"Filling up the DagBag from /opt/airflow/dags/1_first_dag.py","logger":"airflow.dag_processing.dagbag.BundleDagBag","filename":"dagbag.py","lineno":460}
{"timestamp":"2026-07-30T19:45:29.557235Z","level":"info","event":"Filling up the DagBag from /opt/airflow/dags/1_first_dag.py","logger":"airflow.dag_processing.dagbag.BundleDagBag","filename":"dagbag.py","lineno":460}
{"timestamp":"2026-07-30T19:46:00.153481Z","level":"info","event":"Filling up the DagBag from /opt/airflow/dags/1_first_dag.py","logger":"airflow.dag_processing.dagbag.BundleDagBag","filename":"dagbag.py","lineno":460}
{"timestamp":"2026-07-30T19:46:30.874858Z","level":"info","event":"Filling up the DagBag from /opt/airflow/dags/1_first_dag.py","logger":"airflow.dag_processing.dagbag.BundleDagBag","filename":"dagbag.py","lineno":460}
{"timestamp":"2026-07-30T19:47:01.486687Z","level":"info","event":"Filling up the DagBag from /opt/airflow/dags/1_first_dag.py","logger":"airflow.dag_processing.dagbag.BundleDagBag","filename":"dagbag.py","lineno":460}
{"timestamp":"2026-07-30T19:47:32.104324Z","level":"info","event":"Filling up the DagBag from /opt/airflow/dags/1_first_dag.py","logger":"airflow.dag_processing.dagbag.BundleDagBag","filename":"dagbag.py","lineno":460}
{"timestamp":"2026-07-30T19:48:02.851036Z","level":"info","event":"Filling up the DagBag from /opt/airflow/dags/1_first_dag.py","logger":"airflow.dag_processing.dagbag.BundleDagBag","filename":"dagbag.py","lineno":460}
{"timestamp":"2026-07-30T19:48:33.343625Z","level":"info","event":"Filling up the DagBag from /opt/airflow/dags/1_first_dag.py","logger":"airflow.dag_processing.dagbag.BundleDagBag","filename":"dagbag.py","lineno":460}
{"timestamp":"2026-07-30T19:49:04.090360Z","level":"info","event":"Filling up the DagBag from /opt/airflow/dags/1_first_dag.py","logger":"airflow.dag_processing.dagbag.BundleDagBag","filename":"dagbag.py","lineno":460}
{"timestamp":"2026-07-30T19:49:34.699605Z","level":"info","event":"Filling up the DagBag from /opt/airflow/dags/1_first_dag.py","logger":"airflow.dag_processing.dagbag.BundleDagBag","filename":"dagbag.py","lineno":460}
{"timestamp":"2026-07-30T19:50:05.249306Z","level":"info","event":"Filling up the DagBag from /opt/airflow/dags/1_first_dag.py","logger":"airflow.dag_processing.dagbag.BundleDagBag","filename":"dagbag.py","lineno":460}
{"timestamp":"2026-07-30T19:50:35.882239Z","level":"info","event":"Filling up the DagBag from /opt/airflow/dags/1_first_dag.py","logger":"airflow.dag_processing.dagbag.BundleDagBag","filename":"dagbag.py","lineno":460}
{"timestamp":"2026-07-30T19:51:06.632390Z","level":"info","event":"Filling up the DagBag from /opt/airflow/dags/1_first_dag.py","logger":"airflow.dag_processing.dagbag.BundleDagBag","filename":"dagbag.py","lineno":460}
{"timestamp":"2026-07-30T19:51:37.388666Z","level":"info","event":"Filling up the DagBag from /opt/airflow/dags/1_first_dag.py","logger":"airflow.dag_processing.dagbag.BundleDagBag","filename":"dagbag.py","lineno":460}
{"timestamp":"2026-07-30T19:52:07.902532Z","level":"info","event":"Filling up the DagBag from /opt/airflow/dags/1_first_dag.py","logger":"airflow.dag_processing.dagbag.BundleDagBag","filename":"dagbag.py","lineno":460}
{"timestamp":"2026-07-30T19:52:38.636259Z","level":"info","event":"Filling up the DagBag from /opt/airflow/dags/1_first_dag.py","logger":"airflow.dag_processing.dagbag.BundleDagBag","filename":"dagbag.py","lineno":460}
{"timestamp":"2026-07-30T19:53:09.338061Z","level":"info","event":"Filling up the DagBag from /opt/airflow/dags/1_first_dag.py","logger":"airflow.dag_processing.dagbag.BundleDagBag","filename":"dagbag.py","lineno":460}
{"timestamp":"2026-07-30T19:53:39.952107Z","level":"info","event":"Filling up the DagBag from /opt/airflow/dags/1_first_dag.py","logger":"airflow.dag_processing.dagbag.BundleDagBag","filename":"dagbag.py","lineno":460}
{"timestamp":"2026-07-30T19:54:10.919827Z","level":"info","event":"Filling up the DagBag from /opt/airflow/dags/1_first_dag.py","logger":"airflow.dag_processing.dagbag.BundleDagBag","filename":"dagbag.py","lineno":460}
{"timestamp":"2026-07-30T19:54:41.722666Z","level":"info","event":"Filling up the DagBag from /opt/airflow/dags/1_first_dag.py","logger":"airflow.dag_processing.dagbag.BundleDagBag","filename":"dagbag.py","lineno":460}
{"timestamp":"2026-07-30T19:55:12.491054Z","level":"info","event":"Filling up the DagBag from /opt/airflow/dags/1_first_dag.py","logger":"airflow.dag_processing.dagbag.BundleDagBag","filename":"dagbag.py","lineno":460}
{"timestamp":"2026-07-30T19:55:43.769887Z","level":"info","event":"Filling up the DagBag from /opt/airflow/dags/1_first_dag.py","logger":"airflow.dag_processing.dagbag.BundleDagBag","filename":"dagbag.py","lineno":460}
{"timestamp":"2026-07-30T19:56:14.598872Z","level":"info","event":"Filling up the DagBag from /opt/airflow/dags/1_first_dag.py","logger":"airflow.dag_processing.dagbag.BundleDagBag","filename":"dagbag.py","lineno":460}
{"timestamp":"2026-07-30T19:56:44.872299Z","level":"info","event":"Filling up the DagBag from /opt/airflow/dags/1_first_dag.py","logger":"airflow.dag_processing.dagbag.BundleDagBag","filename":"dagbag.py","lineno":460}
{"timestamp":"2026-07-30T19:57:15.726264Z","level":"info","event":"Filling up the DagBag from /opt/airflow/dags/1_first_dag.py","logger":"airflow.dag_processing.dagbag.BundleDagBag","filename":"dagbag.py","lineno":460}
{"timestamp":"2026-07-30T19:57:45.989209Z","level":"info","event":"Filling up the DagBag from /opt/airflow/dags/1_first_dag.py","logger":"airflow.dag_processing.dagbag.BundleDagBag","filename":"dagbag.py","lineno":460}
{"timestamp":"2026-07-30T19:58:16.936128Z","level":"info","event":"Filling up the DagBag from /opt/airflow/dags/1_first_dag.py","logger":"airflow.dag_processing.dagbag.BundleDagBag","filename":"dagbag.py","lineno":460}
{"timestamp":"2026-07-30T19:58:47.647515Z","level":"info","event":"Filling up the DagBag from /opt/airflow/dags/1_first_dag.py","logger":"airflow.dag_processing.dagbag.BundleDagBag","filename":"dagbag.py","lineno":460}
{"timestamp":"2026-07-30T19:59:18.252554Z","level":"info","event":"Filling up the DagBag from /opt/airflow/dags/1_first_dag.py","logger":"airflow.dag_processing.dagbag.BundleDagBag","filename":"dagbag.py","lineno":460}
{"timestamp":"2026-07-30T19:59:49.282822Z","level":"info","event":"Filling up the DagBag from /opt/airflow/dags/1_first_dag.py","logger":"airflow.dag_processing.dagbag.BundleDagBag","filename":"dagbag.py","lineno":460}
{"timestamp":"2026-07-30T20:15:36.137757Z","level":"info","event":"Filling up the DagBag from /opt/airflow/dags/1_first_dag.py","logger":"airflow.dag_processing.dagbag.BundleDagBag","filename":"dagbag.py","lineno":460}
{"timestamp":"2026-07-30T20:16:06.653667Z","level":"info","event":"Filling up the DagBag from /opt/airflow/dags/1_first_dag.py","logger":"airflow.dag_processing.dagbag.BundleDagBag","filename":"dagbag.py","lineno":460}
{"timestamp":"2026-07-30T20:16:37.215908Z","level":"info","event":"Filling up the DagBag from /opt/airflow/dags/1_first_dag.py","logger":"airflow.dag_processing.dagbag.BundleDagBag","filename":"dagbag.py","lineno":460}
{"timestamp":"2026-07-30T20:17:07.822342Z","level":"info","event":"Filling up the DagBag from /opt/airflow/dags/1_first_dag.py","logger":"airflow.dag_processing.dagbag.BundleDagBag","filename":"dagbag.py","lineno":460}
{"timestamp":"2026-07-30T20:17:38.286150Z","level":"info","event":"Filling up the DagBag from /opt/airflow/dags/1_first_dag.py","logger":"airflow.dag_processing.dagbag.BundleDagBag","filename":"dagbag.py","lineno":460}
{"timestamp":"2026-07-30T20:25:05.738228Z","level":"info","event":"Filling up the DagBag from /opt/airflow/dags/1_first_dag.py","logger":"airflow.dag_processing.dagbag.BundleDagBag","filename":"dagbag.py","lineno":460}
{"timestamp":"2026-07-30T20:25:36.272213Z","level":"info","event":"Filling up the DagBag from /opt/airflow/dags/1_first_dag.py","logger":"airflow.dag_processing.dagbag.BundleDagBag","filename":"dagbag.py","lineno":460}
{"timestamp":"2026-07-30T20:27:47.936036Z","level":"info","event":"Filling up the DagBag from /opt/airflow/dags/1_first_dag.py","logger":"airflow.dag_processing.dagbag.BundleDagBag","filename":"dagbag.py","lineno":460}
{"timestamp":"2026-07-30T20:28:18.748246Z","level":"info","event":"Filling up the DagBag from /opt/airflow/dags/1_first_dag.py","logger":"airflow.dag_processing.dagbag.BundleDagBag","filename":"dagbag.py","lineno":460}
{"timestamp":"2026-07-30T20:36:46.646700Z","level":"info","event":"Filling up the DagBag from /opt/airflow/dags/1_first_dag.py","logger":"airflow.dag_processing.dagbag.BundleDagBag","filename":"dagbag.py","lineno":460}
{"timestamp":"2026-07-30T20:37:17.289946Z","level":"info","event":"Filling up the DagBag from /opt/airflow/dags/1_first_dag.py","logger":"airflow.dag_processing.dagbag.BundleDagBag","filename":"dagbag.py","lineno":460}
{"timestamp":"2026-07-30T20:37:47.838341Z","level":"info","event":"Filling up the DagBag from /opt/airflow/dags/1_first_dag.py","logger":"airflow.dag_processing.dagbag.BundleDagBag","filename":"dagbag.py","lineno":460}
{"timestamp":"2026-07-30T20:38:18.748098Z","level":"info","event":"Filling up the DagBag from /opt/airflow/dags/1_first_dag.py","logger":"airflow.dag_processing.dagbag.BundleDagBag","filename":"dagbag.py","lineno":460}
{"timestamp":"2026-07-30T20:38:49.287340Z","level":"info","event":"Filling up the DagBag from /opt/airflow/dags/1_first_dag.py","logger":"airflow.dag_processing.dagbag.BundleDagBag","filename":"dagbag.py","lineno":460}
{"timestamp":"2026-07-30T20:39:19.962983Z","level":"info","event":"Filling up the DagBag from /opt/airflow/dags/1_first_dag.py","logger":"airflow.dag_processing.dagbag.BundleDagBag","filename":"dagbag.py","lineno":460}
{"timestamp":"2026-07-30T20:39:50.486024Z","level":"info","event":"Filling up the DagBag from /opt/airflow/dags/1_first_dag.py","logger":"airflow.dag_processing.dagbag.BundleDagBag","filename":"dagbag.py","lineno":460}
{"timestamp":"2026-07-30T20:40:21.031832Z","level":"info","event":"Filling up the DagBag from /opt/airflow/dags/1_first_dag.py","logger":"airflow.dag_processing.dagbag.BundleDagBag","filename":"dagbag.py","lineno":460}
{"timestamp":"2026-07-30T20:40:51.642582Z","level":"info","event":"Filling up the DagBag from /opt/airflow/dags/1_first_dag.py","logger":"airflow.dag_processing.dagbag.BundleDagBag","filename":"dagbag.py","lineno":460}
{"timestamp":"2026-07-30T20:41:22.356816Z","level":"info","event":"Filling up the DagBag from /opt/airflow/dags/1_first_dag.py","logger":"airflow.dag_processing.dagbag.BundleDagBag","filename":"dagbag.py","lineno":460}
{"timestamp":"2026-07-30T20:41:53.063208Z","level":"info","event":"Filling up the DagBag from /opt/airflow/dags/1_first_dag.py","logger":"airflow.dag_processing.dagbag.BundleDagBag","filename":"dagbag.py","lineno":460}
{"timestamp":"2026-07-30T20:42:23.850826Z","level":"info","event":"Filling up the DagBag from /opt/airflow/dags/1_first_dag.py","logger":"airflow.dag_processing.dagbag.BundleDagBag","filename":"dagbag.py","lineno":460}
{"timestamp":"2026-07-30T20:42:54.923941Z","level":"info","event":"Filling up the DagBag from /opt/airflow/dags/1_first_dag.py","logger":"airflow.dag_processing.dagbag.BundleDagBag","filename":"dagbag.py","lineno":460}
{"timestamp":"2026-07-30T20:43:25.709536Z","level":"info","event":"Filling up the DagBag from /opt/airflow/dags/1_first_dag.py","logger":"airflow.dag_processing.dagbag.BundleDagBag","filename":"dagbag.py","lineno":460}
{"timestamp":"2026-07-30T20:43:56.393627Z","level":"info","event":"Filling up the DagBag from /opt/airflow/dags/1_first_dag.py","logger":"airflow.dag_processing.dagbag.BundleDagBag","filename":"dagbag.py","lineno":460}
{"timestamp":"2026-07-30T20:44:27.123944Z","level":"info","event":"Filling up the DagBag from /opt/airflow/dags/1_first_dag.py","logger":"airflow.dag_processing.dagbag.BundleDagBag","filename":"dagbag.py","lineno":460}
{"timestamp":"2026-07-30T20:44:58.008596Z","level":"info","event":"Filling up the DagBag from /opt/airflow/dags/1_first_dag.py","logger":"airflow.dag_processing.dagbag.BundleDagBag","filename":"dagbag.py","lineno":460}
{"timestamp":"2026-07-30T20:45:28.894803Z","level":"info","event":"Filling up the DagBag from /opt/airflow/dags/1_first_dag.py","logger":"airflow.dag_processing.dagbag.BundleDagBag","filename":"dagbag.py","lineno":460}
{"timestamp":"2026-07-30T20:45:59.654555Z","level":"info","event":"Filling up the DagBag from /opt/airflow/dags/1_first_dag.py","logger":"airflow.dag_processing.dagbag.BundleDagBag","filename":"dagbag.py","lineno":460}
{"timestamp":"2026-07-30T20:46:30.526126Z","level":"info","event":"Filling up the DagBag from /opt/airflow/dags/1_first_dag.py","logger":"airflow.dag_processing.dagbag.BundleDagBag","filename":"dagbag.py","lineno":460}
{"timestamp":"2026-07-30T20:47:01.349086Z","level":"info","event":"Filling up the DagBag from /opt/airflow/dags/1_first_dag.py","logger":"airflow.dag_processing.dagbag.BundleDagBag","filename":"dagbag.py","lineno":460}
{"timestamp":"2026-07-30T20:47:32.090294Z","level":"info","event":"Filling up the DagBag from /opt/airflow/dags/1_first_dag.py","logger":"airflow.dag_processing.dagbag.BundleDagBag","filename":"dagbag.py","lineno":460}
{"timestamp":"2026-07-30T20:48:02.702433Z","level":"info","event":"Filling up the DagBag from /opt/airflow/dags/1_first_dag.py","logger":"airflow.dag_processing.dagbag.BundleDagBag","filename":"dagbag.py","lineno":460}
{"timestamp":"2026-07-30T20:48:33.390893Z","level":"info","event":"Filling up the DagBag from /opt/airflow/dags/1_first_dag.py","logger":"airflow.dag_processing.dagbag.BundleDagBag","filename":"dagbag.py","lineno":460}
{"timestamp":"2026-07-30T20:49:04.375072Z","level":"info","event":"Filling up the DagBag from /opt/airflow/dags/1_first_dag.py","logger":"airflow.dag_processing.dagbag.BundleDagBag","filename":"dagbag.py","lineno":460}
{"timestamp":"2026-07-30T20:49:35.368839Z","level":"info","event":"Filling up the DagBag from /opt/airflow/dags/1_first_dag.py","logger":"airflow.dag_processing.dagbag.BundleDagBag","filename":"dagbag.py","lineno":460}
{"timestamp":"2026-07-30T20:50:06.296586Z","level":"info","event":"Filling up the DagBag from /opt/airflow/dags/1_first_dag.py","logger":"airflow.dag_processing.dagbag.BundleDagBag","filename":"dagbag.py","lineno":460}
{"timestamp":"2026-07-30T20:50:37.401024Z","level":"info","event":"Filling up the DagBag from /opt/airflow/dags/1_first_dag.py","logger":"airflow.dag_processing.dagbag.BundleDagBag","filename":"dagbag.py","lineno":460}
{"timestamp":"2026-07-30T20:51:08.129400Z","level":"info","event":"Filling up the DagBag from /opt/airflow/dags/1_first_dag.py","logger":"airflow.dag_processing.dagbag.BundleDagBag","filename":"dagbag.py","lineno":460}
{"timestamp":"2026-07-30T20:51:38.499337Z","level":"info","event":"Filling up the DagBag from /opt/airflow/dags/1_first_dag.py","logger":"airflow.dag_processing.dagbag.BundleDagBag","filename":"dagbag.py","lineno":460}
{"timestamp":"2026-07-30T20:52:09.209729Z","level":"info","event":"Filling up the DagBag from /opt/airflow/dags/1_first_dag.py","logger":"airflow.dag_processing.dagbag.BundleDagBag","filename":"dagbag.py","lineno":460}
{"timestamp":"2026-07-30T20:52:40.234319Z","level":"info","event":"Filling up the DagBag from /opt/airflow/dags/1_first_dag.py","logger":"airflow.dag_processing.dagbag.BundleDagBag","filename":"dagbag.py","lineno":460}
{"timestamp":"2026-07-30T20:53:10.911507Z","level":"info","event":"Filling up the DagBag from /opt/airflow/dags/1_first_dag.py","logger":"airflow.dag_processing.dagbag.BundleDagBag","filename":"dagbag.py","lineno":460}
{"timestamp":"2026-07-30T20:53:41.706249Z","level":"info","event":"Filling up the DagBag from /opt/airflow/dags/1_first_dag.py","logger":"airflow.dag_processing.dagbag.BundleDagBag","filename":"dagbag.py","lineno":460}
{"timestamp":"2026-07-30T20:54:12.726068Z","level":"info","event":"Filling up the DagBag from /opt/airflow/dags/1_first_dag.py","logger":"airflow.dag_processing.dagbag.BundleDagBag","filename":"dagbag.py","lineno":460}
{"timestamp":"2026-07-30T20:54:43.386406Z","level":"info","event":"Filling up the DagBag from /opt/airflow/dags/1_first_dag.py","logger":"airflow.dag_processing.dagbag.BundleDagBag","filename":"dagbag.py","lineno":460}
{"timestamp":"2026-07-30T20:55:13.984335Z","level":"info","event":"Filling up the DagBag from /opt/airflow/dags/1_first_dag.py","logger":"airflow.dag_processing.dagbag.BundleDagBag","filename":"dagbag.py","lineno":460}
{"timestamp":"2026-07-30T20:55:44.957952Z","level":"info","event":"Filling up the DagBag from /opt/airflow/dags/1_first_dag.py","logger":"airflow.dag_processing.dagbag.BundleDagBag","filename":"dagbag.py","lineno":460}
{"timestamp":"2026-07-30T20:56:15.123491Z","level":"info","event":"Filling up the DagBag from /opt/airflow/dags/1_first_dag.py","logger":"airflow.dag_processing.dagbag.BundleDagBag","filename":"dagbag.py","lineno":460}
{"timestamp":"2026-07-30T20:56:46.035939Z","level":"info","event":"Filling up the DagBag from /opt/airflow/dags/1_first_dag.py","logger":"airflow.dag_processing.dagbag.BundleDagBag","filename":"dagbag.py","lineno":460}
{"timestamp":"2026-07-30T20:57:17.092023Z","level":"info","event":"Filling up the DagBag from /opt/airflow/dags/1_first_dag.py","logger":"airflow.dag_processing.dagbag.BundleDagBag","filename":"dagbag.py","lineno":460}
{"timestamp":"2026-07-30T20:57:47.816507Z","level":"info","event":"Filling up the DagBag from /opt/airflow/dags/1_first_dag.py","logger":"airflow.dag_processing.dagbag.BundleDagBag","filename":"dagbag.py","lineno":460}
{"timestamp":"2026-07-30T20:58:18.564564Z","level":"info","event":"Filling up the DagBag from /opt/airflow/dags/1_first_dag.py","logger":"airflow.dag_processing.dagbag.BundleDagBag","filename":"dagbag.py","lineno":460}
{"timestamp":"2026-07-30T20:58:49.341157Z","level":"info","event":"Filling up the DagBag from /opt/airflow/dags/1_first_dag.py","logger":"airflow.dag_processing.dagbag.BundleDagBag","filename":"dagbag.py","lineno":460}
{"timestamp":"2026-07-30T20:59:20.094718Z","level":"info","event":"Filling up the DagBag from /opt/airflow/dags/1_first_dag.py","logger":"airflow.dag_processing.dagbag.BundleDagBag","filename":"dagbag.py","lineno":460}
{"timestamp":"2026-07-30T20:59:50.719149Z","level":"info","event":"Filling up the DagBag from /opt/airflow/dags/1_first_dag.py","logger":"airflow.dag_processing.dagbag.BundleDagBag","filename":"dagbag.py","lineno":460}
{"timestamp":"2026-07-30T21:00:21.415785Z","level":"info","event":"Filling up the DagBag from /opt/airflow/dags/1_first_dag.py","logger":"airflow.dag_processing.dagbag.BundleDagBag","filename":"dagbag.py","lineno":460}
{"timestamp":"2026-07-30T21:00:51.871745Z","level":"info","event":"Filling up the DagBag from /opt/airflow/dags/1_first_dag.py","logger":"airflow.dag_processing.dagbag.BundleDagBag","filename":"dagbag.py","lineno":460}
{"timestamp":"2026-07-30T21:01:22.987050Z","level":"info","event":"Filling up the DagBag from /opt/airflow/dags/1_first_dag.py","logger":"airflow.dag_processing.dagbag.BundleDagBag","filename":"dagbag.py","lineno":460}
{"timestamp":"2026-07-30T21:01:54.808162Z","level":"info","event":"Filling up the DagBag from /opt/airflow/dags/1_first_dag.py","logger":"airflow.dag_processing.dagbag.BundleDagBag","filename":"dagbag.py","lineno":460}
{"timestamp":"2026-07-30T21:02:25.573867Z","level":"info","event":"Filling up the DagBag from /opt/airflow/dags/1_first_dag.py","logger":"airflow.dag_processing.dagbag.BundleDagBag","filename":"dagbag.py","lineno":460}
{"timestamp":"2026-07-30T21:02:56.236269Z","level":"info","event":"Filling up the DagBag from /opt/airflow/dags/1_first_dag.py","logger":"airflow.dag_processing.dagbag.BundleDagBag","filename":"dagbag.py","lineno":460}
{"timestamp":"2026-07-30T21:03:27.196284Z","level":"info","event":"Filling up the DagBag from /opt/airflow/dags/1_first_dag.py","logger":"airflow.dag_processing.dagbag.BundleDagBag","filename":"dagbag.py","lineno":460}
{"timestamp":"2026-07-30T21:03:58.040093Z","level":"info","event":"Filling up the DagBag from /opt/airflow/dags/1_first_dag.py","logger":"airflow.dag_processing.dagbag.BundleDagBag","filename":"dagbag.py","lineno":460}
{"timestamp":"2026-07-30T21:04:28.658547Z","level":"info","event":"Filling up the DagBag from /opt/airflow/dags/1_first_dag.py","logger":"airflow.dag_processing.dagbag.BundleDagBag","filename":"dagbag.py","lineno":460}
{"timestamp":"2026-07-30T21:04:59.407030Z","level":"info","event":"Filling up the DagBag from /opt/airflow/dags/1_first_dag.py","logger":"airflow.dag_processing.dagbag.BundleDagBag","filename":"dagbag.py","lineno":460}
{"timestamp":"2026-07-30T21:05:30.051550Z","level":"info","event":"Filling up the DagBag from /opt/airflow/dags/1_first_dag.py","logger":"airflow.dag_processing.dagbag.BundleDagBag","filename":"dagbag.py","lineno":460}
{"timestamp":"2026-07-30T21:06:00.834106Z","level":"info","event":"Filling up the DagBag from /opt/airflow/dags/1_first_dag.py","logger":"airflow.dag_processing.dagbag.BundleDagBag","filename":"dagbag.py","lineno":460}
{"timestamp":"2026-07-30T21:06:31.596991Z","level":"info","event":"Filling up the DagBag from /opt/airflow/dags/1_first_dag.py","logger":"airflow.dag_processing.dagbag.BundleDagBag","filename":"dagbag.py","lineno":460}
{"timestamp":"2026-07-30T21:07:02.517078Z","level":"info","event":"Filling up the DagBag from /opt/airflow/dags/1_first_dag.py","logger":"airflow.dag_processing.dagbag.BundleDagBag","filename":"dagbag.py","lineno":460}
{"timestamp":"2026-07-30T21:07:33.203995Z","level":"info","event":"Filling up the DagBag from /opt/airflow/dags/1_first_dag.py","logger":"airflow.dag_processing.dagbag.BundleDagBag","filename":"dagbag.py","lineno":460}
{"timestamp":"2026-07-30T21:08:04.112783Z","level":"info","event":"Filling up the DagBag from /opt/airflow/dags/1_first_dag.py","logger":"airflow.dag_processing.dagbag.BundleDagBag","filename":"dagbag.py","lineno":460}
{"timestamp":"2026-07-30T21:08:35.012723Z","level":"info","event":"Filling up the DagBag from /opt/airflow/dags/1_first_dag.py","logger":"airflow.dag_processing.dagbag.BundleDagBag","filename":"dagbag.py","lineno":460}
{"timestamp":"2026-07-30T21:09:05.810957Z","level":"info","event":"Filling up the DagBag from /opt/airflow/dags/1_first_dag.py","logger":"airflow.dag_processing.dagbag.BundleDagBag","filename":"dagbag.py","lineno":460}
{"timestamp":"2026-07-30T21:09:36.521708Z","level":"info","event":"Filling up the DagBag from /opt/airflow/dags/1_first_dag.py","logger":"airflow.dag_processing.dagbag.BundleDagBag","filename":"dagbag.py","lineno":460}
{"timestamp":"2026-07-30T21:10:07.252732Z","level":"info","event":"Filling up the DagBag from /opt/airflow/dags/1_first_dag.py","logger":"airflow.dag_processing.dagbag.BundleDagBag","filename":"dagbag.py","lineno":460}
{"timestamp":"2026-07-30T21:10:38.090835Z","level":"info","event":"Filling up the DagBag from /opt/airflow/dags/1_first_dag.py","logger":"airflow.dag_processing.dagbag.BundleDagBag","filename":"dagbag.py","lineno":460}
{"timestamp":"2026-07-30T21:11:08.877640Z","level":"info","event":"Filling up the DagBag from /opt/airflow/dags/1_first_dag.py","logger":"airflow.dag_processing.dagbag.BundleDagBag","filename":"dagbag.py","lineno":460}
{"timestamp":"2026-07-30T21:11:39.588871Z","level":"info","event":"Filling up the DagBag from /opt/airflow/dags/1_first_dag.py","logger":"airflow.dag_processing.dagbag.BundleDagBag","filename":"dagbag.py","lineno":460}
{"timestamp":"2026-07-30T21:12:10.329193Z","level":"info","event":"Filling up the DagBag from /opt/airflow/dags/1_first_dag.py","logger":"airflow.dag_processing.dagbag.BundleDagBag","filename":"dagbag.py","lineno":460}
{"timestamp":"2026-07-30T21:12:41.025995Z","level":"info","event":"Filling up the DagBag from /opt/airflow/dags/1_first_dag.py","logger":"airflow.dag_processing.dagbag.BundleDagBag","filename":"dagbag.py","lineno":460}
{"timestamp":"2026-07-30T21:13:12.034013Z","level":"info","event":"Filling up the DagBag from /opt/airflow/dags/1_first_dag.py","logger":"airflow.dag_processing.dagbag.BundleDagBag","filename":"dagbag.py","lineno":460}
{"timestamp":"2026-07-30T21:13:42.793345Z","level":"info","event":"Filling up the DagBag from /opt/airflow/dags/1_first_dag.py","logger":"airflow.dag_processing.dagbag.BundleDagBag","filename":"dagbag.py","lineno":460}
{"timestamp":"2026-07-30T21:14:13.506256Z","level":"info","event":"Filling up the DagBag from /opt/airflow/dags/1_first_dag.py","logger":"airflow.dag_processing.dagbag.BundleDagBag","filename":"dagbag.py","lineno":460}
{"timestamp":"2026-07-30T21:14:44.367128Z","level":"info","event":"Filling up the DagBag from /opt/airflow/dags/1_first_dag.py","logger":"airflow.dag_processing.dagbag.BundleDagBag","filename":"dagbag.py","lineno":460}
{"timestamp":"2026-07-30T21:15:15.293095Z","level":"info","event":"Filling up the DagBag from /opt/airflow/dags/1_first_dag.py","logger":"airflow.dag_processing.dagbag.BundleDagBag","filename":"dagbag.py","lineno":460}
{"timestamp":"2026-07-30T21:15:45.996029Z","level":"info","event":"Filling up the DagBag from /opt/airflow/dags/1_first_dag.py","logger":"airflow.dag_processing.dagbag.BundleDagBag","filename":"dagbag.py","lineno":460}
{"timestamp":"2026-07-30T21:16:16.734008Z","level":"info","event":"Filling up the DagBag from /opt/airflow/dags/1_first_dag.py","logger":"airflow.dag_processing.dagbag.BundleDagBag","filename":"dagbag.py","lineno":460}
{"timestamp":"2026-07-30T21:16:47.491341Z","level":"info","event":"Filling up the DagBag from /opt/airflow/dags/1_first_dag.py","logger":"airflow.dag_processing.dagbag.BundleDagBag","filename":"dagbag.py","lineno":460}
{"timestamp":"2026-07-30T21:17:18.290255Z","level":"info","event":"Filling up the DagBag from /opt/airflow/dags/1_first_dag.py","logger":"airflow.dag_processing.dagbag.BundleDagBag","filename":"dagbag.py","lineno":460}
{"timestamp":"2026-07-30T21:17:48.979325Z","level":"info","event":"Filling up the DagBag from /opt/airflow/dags/1_first_dag.py","logger":"airflow.dag_processing.dagbag.BundleDagBag","filename":"dagbag.py","lineno":460}
{"timestamp":"2026-07-30T21:18:19.715540Z","level":"info","event":"Filling up the DagBag from /opt/airflow/dags/1_first_dag.py","logger":"airflow.dag_processing.dagbag.BundleDagBag","filename":"dagbag.py","lineno":460}
{"timestamp":"2026-07-30T21:18:50.458227Z","level":"info","event":"Filling up the DagBag from /opt/airflow/dags/1_first_dag.py","logger":"airflow.dag_processing.dagbag.BundleDagBag","filename":"dagbag.py","lineno":460}
{"timestamp":"2026-07-30T21:19:20.543154Z","level":"info","event":"Filling up the DagBag from /opt/airflow/dags/1_first_dag.py","logger":"airflow.dag_processing.dagbag.BundleDagBag","filename":"dagbag.py","lineno":460}
{"timestamp":"2026-07-30T21:19:51.216771Z","level":"info","event":"Filling up the DagBag from /opt/airflow/dags/1_first_dag.py","logger":"airflow.dag_processing.dagbag.BundleDagBag","filename":"dagbag.py","lineno":460}
{"timestamp":"2026-07-30T21:20:21.856044Z","level":"info","event":"Filling up the DagBag from /opt/airflow/dags/1_first_dag.py","logger":"airflow.dag_processing.dagbag.BundleDagBag","filename":"dagbag.py","lineno":460}
{"timestamp":"2026-07-30T21:20:52.610010Z","level":"info","event":"Filling up the DagBag from /opt/airflow/dags/1_first_dag.py","logger":"airflow.dag_processing.dagbag.BundleDagBag","filename":"dagbag.py","lineno":460}
{"timestamp":"2026-07-30T21:21:22.805569Z","level":"info","event":"Filling up the DagBag from /opt/airflow/dags/1_first_dag.py","logger":"airflow.dag_processing.dagbag.BundleDagBag","filename":"dagbag.py","lineno":460}
