{"timestamp":"2026-08-06T03:10:04.816538Z","level":"info","event":"::group::Pre Execute","logger":"task","filename":"task_runner.py","lineno":2303}
{"timestamp":"2026-08-06T03:10:04.820354Z","level":"info","event":"DAG bundles loaded: dags-folder","dag_id":"spotify_pipeline","try_number":1,"task_id":"build_gold","map_index":-1,"run_id":"manual__2026-08-06T03:09:54.304013+00:00","ti_id":"019fd50c-812f-7b29-a69b-b411460bbcb8","logger":"airflow.dag_processing.bundles.manager.DagBundlesManager","filename":"manager.py","lineno":271}
{"timestamp":"2026-08-06T03:10:04.820761Z","level":"info","event":"Filling up the DagBag from /opt/airflow/dags/spotify_pipeline_dag.py","dag_id":"spotify_pipeline","try_number":1,"task_id":"build_gold","map_index":-1,"run_id":"manual__2026-08-06T03:09:54.304013+00:00","ti_id":"019fd50c-812f-7b29-a69b-b411460bbcb8","logger":"airflow.dag_processing.dagbag.BundleDagBag","filename":"dagbag.py","lineno":460}
{"timestamp":"2026-08-06T03:10:04.827751Z","level":"info","event":"Worker startup parse complete","bundle_name":"dags-folder","bundle_version":null,"dag_file":"spotify_pipeline_dag.py","dag_id":"spotify_pipeline","bundle_prepare_ms":0,"dag_file_parse_ms":7,"try_number":1,"task_id":"build_gold","map_index":-1,"run_id":"manual__2026-08-06T03:09:54.304013+00:00","ti_id":"019fd50c-812f-7b29-a69b-b411460bbcb8","logger":"task","filename":"task_runner.py","lineno":1062}
{"timestamp":"2026-08-06T03:10:04.839807Z","level":"info","event":"::endgroup::","dag_id":"spotify_pipeline","try_number":1,"task_id":"build_gold","map_index":-1,"run_id":"manual__2026-08-06T03:09:54.304013+00:00","ti_id":"019fd50c-812f-7b29-a69b-b411460bbcb8","logger":"task","filename":"task_runner.py","lineno":2107}
{"timestamp":"2026-08-06T03:10:05.046134Z","level":"error","event":"{\"time\": \"2026-08-06 03:10:05,045\", \"level\": \"INFO\", \"module\": \"spotify_pipeline.utils.decorators\", \"message\": \"Starting top_artists\"}","logger":"task.stderr"}
{"timestamp":"2026-08-06T03:10:05.045220Z","level":"info","event":"Starting top_artists","logger":"spotify_pipeline.utils.decorators","dag_id":"spotify_pipeline","try_number":1,"task_id":"build_gold","map_index":-1,"run_id":"manual__2026-08-06T03:09:54.304013+00:00","ti_id":"019fd50c-812f-7b29-a69b-b411460bbcb8","filename":"decorators.py","lineno":17}
{"timestamp":"2026-08-06T03:10:05.393190Z","level":"info","event":"Read: silver/artists/2026/07/17/artists.parquet → shape: (12, 5)","logger":"task.stdout"}
{"timestamp":"2026-08-06T03:10:05.457509Z","level":"info","event":"Read: silver/artists/2026/07/24/artists.parquet → shape: (12, 5)","logger":"task.stdout"}
{"timestamp":"2026-08-06T03:10:05.530222Z","level":"info","event":"Read: silver/artists/2026/07/28/artists.parquet → shape: (61, 5)","logger":"task.stdout"}
{"timestamp":"2026-08-06T03:10:05.583163Z","level":"info","event":"Read: silver/artists/2026/08/06/artists.parquet → shape: (60, 5)","logger":"task.stdout"}
{"timestamp":"2026-08-06T03:10:05.586305Z","level":"info","event":"['artist_id', 'name', 'spotify_url', 'processed_at', 'source']","logger":"task.stdout"}
{"timestamp":"2026-08-06T03:10:05.826718Z","level":"info","event":"Read: silver/tracks/2026/07/22/tracks.parquet → shape: (10, 11)","logger":"task.stdout"}
{"timestamp":"2026-08-06T03:10:05.900659Z","level":"info","event":"Read: silver/tracks/2026/07/24/tracks.parquet → shape: (10, 11)","logger":"task.stdout"}
{"timestamp":"2026-08-06T03:10:06.000343Z","level":"info","event":"Read: silver/tracks/2026/07/28/tracks.parquet → shape: (50, 11)","logger":"task.stdout"}
{"timestamp":"2026-08-06T03:10:06.059412Z","level":"info","event":"Read: silver/tracks/2026/08/06/tracks.parquet → shape: (49, 11)","logger":"task.stdout"}
{"timestamp":"2026-08-06T03:10:06.063878Z","level":"info","event":"['track_id', 'name', 'duration_ms', 'popularity', 'spotify_url', 'album_id', 'artist_id', 'explicit', 'duration_in_seconds', 'processed_at', 'source']","logger":"task.stdout"}
{"timestamp":"2026-08-06T03:10:06.080783Z","level":"info","event":"['artist_id', 'artist_name', 'track_count', 'avg_duration_seconds', 'explicit_count']","logger":"task.stdout"}
{"timestamp":"2026-08-06T03:10:06.081855Z","level":"error","event":"{\"time\": \"2026-08-06 03:10:06,081\", \"level\": \"INFO\", \"module\": \"spotify_pipeline.utils.decorators\", \"message\": \"Completed top_artists in 1.04s\"}","logger":"task.stderr"}
{"timestamp":"2026-08-06T03:10:06.081793Z","level":"info","event":"Completed top_artists in 1.04s","logger":"spotify_pipeline.utils.decorators","dag_id":"spotify_pipeline","try_number":1,"task_id":"build_gold","map_index":-1,"run_id":"manual__2026-08-06T03:09:54.304013+00:00","ti_id":"019fd50c-812f-7b29-a69b-b411460bbcb8","filename":"decorators.py","lineno":22}
{"timestamp":"2026-08-06T03:10:06.082171Z","level":"info","event":"Starting save_to_gold","logger":"spotify_pipeline.utils.decorators","dag_id":"spotify_pipeline","try_number":1,"task_id":"build_gold","map_index":-1,"run_id":"manual__2026-08-06T03:09:54.304013+00:00","ti_id":"019fd50c-812f-7b29-a69b-b411460bbcb8","filename":"decorators.py","lineno":17}
{"timestamp":"2026-08-06T03:10:06.082764Z","level":"error","event":"{\"time\": \"2026-08-06 03:10:06,082\", \"level\": \"INFO\", \"module\": \"spotify_pipeline.utils.decorators\", \"message\": \"Starting save_to_gold\"}","logger":"task.stderr"}
{"timestamp":"2026-08-06T03:10:06.303757Z","level":"error","event":"{\"time\": \"2026-08-06 03:10:06,303\", \"level\": \"INFO\", \"module\": \"spotify_pipeline.gold.save_gold\", \"message\": \"Saved gold top_artists to s3://spotify-transform-anna-2026/gold/top_artists/2026/08/06/top_artists.parquet\"}","logger":"task.stderr"}
{"timestamp":"2026-08-06T03:10:06.303709Z","level":"info","event":"Saved gold top_artists to s3://spotify-transform-anna-2026/gold/top_artists/2026/08/06/top_artists.parquet","logger":"spotify_pipeline.gold.save_gold","dag_id":"spotify_pipeline","try_number":1,"task_id":"build_gold","map_index":-1,"run_id":"manual__2026-08-06T03:09:54.304013+00:00","ti_id":"019fd50c-812f-7b29-a69b-b411460bbcb8","filename":"save_gold.py","lineno":41}
{"timestamp":"2026-08-06T03:10:06.304773Z","level":"error","event":"{\"time\": \"2026-08-06 03:10:06,304\", \"level\": \"INFO\", \"module\": \"spotify_pipeline.utils.decorators\", \"message\": \"Completed save_to_gold in 0.22s\"}","logger":"task.stderr"}
{"timestamp":"2026-08-06T03:10:06.304887Z","level":"error","event":"{\"time\": \"2026-08-06 03:10:06,304\", \"level\": \"INFO\", \"module\": \"spotify_pipeline.utils.decorators\", \"message\": \"Starting album_stats\"}","logger":"task.stderr"}
{"timestamp":"2026-08-06T03:10:06.304763Z","level":"info","event":"Completed save_to_gold in 0.22s","logger":"spotify_pipeline.utils.decorators","dag_id":"spotify_pipeline","try_number":1,"task_id":"build_gold","map_index":-1,"run_id":"manual__2026-08-06T03:09:54.304013+00:00","ti_id":"019fd50c-812f-7b29-a69b-b411460bbcb8","filename":"decorators.py","lineno":22}
{"timestamp":"2026-08-06T03:10:06.304856Z","level":"info","event":"Starting album_stats","logger":"spotify_pipeline.utils.decorators","dag_id":"spotify_pipeline","try_number":1,"task_id":"build_gold","map_index":-1,"run_id":"manual__2026-08-06T03:09:54.304013+00:00","ti_id":"019fd50c-812f-7b29-a69b-b411460bbcb8","filename":"decorators.py","lineno":17}
{"timestamp":"2026-08-06T03:10:06.535924Z","level":"info","event":"Read: silver/albums/2026/07/20/albums.parquet → shape: (10, 8)","logger":"task.stdout"}
{"timestamp":"2026-08-06T03:10:06.605860Z","level":"info","event":"Read: silver/albums/2026/07/24/albums.parquet → shape: (10, 8)","logger":"task.stdout"}
{"timestamp":"2026-08-06T03:10:06.697157Z","level":"info","event":"Read: silver/albums/2026/07/28/albums.parquet → shape: (49, 8)","logger":"task.stdout"}
{"timestamp":"2026-08-06T03:10:06.772577Z","level":"info","event":"Read: silver/albums/2026/08/06/albums.parquet → shape: (47, 8)","logger":"task.stdout"}
{"timestamp":"2026-08-06T03:10:07.050075Z","level":"info","event":"Read: silver/tracks/2026/07/22/tracks.parquet → shape: (10, 11)","logger":"task.stdout"}
{"timestamp":"2026-08-06T03:10:07.110652Z","level":"info","event":"Read: silver/tracks/2026/07/24/tracks.parquet → shape: (10, 11)","logger":"task.stdout"}
{"timestamp":"2026-08-06T03:10:07.171021Z","level":"info","event":"Read: silver/tracks/2026/07/28/tracks.parquet → shape: (50, 11)","logger":"task.stdout"}
{"timestamp":"2026-08-06T03:10:07.227520Z","level":"info","event":"Read: silver/tracks/2026/08/06/tracks.parquet → shape: (49, 11)","logger":"task.stdout"}
{"timestamp":"2026-08-06T03:10:07.250406Z","level":"error","event":"{\"time\": \"2026-08-06 03:10:07,250\", \"level\": \"INFO\", \"module\": \"spotify_pipeline.utils.decorators\", \"message\": \"Completed album_stats in 0.95s\"}","logger":"task.stderr"}
{"timestamp":"2026-08-06T03:10:07.250437Z","level":"info","event":"Completed album_stats in 0.95s","logger":"spotify_pipeline.utils.decorators","dag_id":"spotify_pipeline","try_number":1,"task_id":"build_gold","map_index":-1,"run_id":"manual__2026-08-06T03:09:54.304013+00:00","ti_id":"019fd50c-812f-7b29-a69b-b411460bbcb8","filename":"decorators.py","lineno":22}
{"timestamp":"2026-08-06T03:10:07.250787Z","level":"info","event":"Starting save_to_gold","logger":"spotify_pipeline.utils.decorators","dag_id":"spotify_pipeline","try_number":1,"task_id":"build_gold","map_index":-1,"run_id":"manual__2026-08-06T03:09:54.304013+00:00","ti_id":"019fd50c-812f-7b29-a69b-b411460bbcb8","filename":"decorators.py","lineno":17}
{"timestamp":"2026-08-06T03:10:07.251148Z","level":"error","event":"{\"time\": \"2026-08-06 03:10:07,250\", \"level\": \"INFO\", \"module\": \"spotify_pipeline.utils.decorators\", \"message\": \"Starting save_to_gold\"}","logger":"task.stderr"}
{"timestamp":"2026-08-06T03:10:07.494036Z","level":"error","event":"{\"time\": \"2026-08-06 03:10:07,493\", \"level\": \"INFO\", \"module\": \"spotify_pipeline.gold.save_gold\", \"message\": \"Saved gold album_stats to s3://spotify-transform-anna-2026/gold/album_stats/2026/08/06/album_stats.parquet\"}","logger":"task.stderr"}
{"timestamp":"2026-08-06T03:10:07.493724Z","level":"info","event":"Saved gold album_stats to s3://spotify-transform-anna-2026/gold/album_stats/2026/08/06/album_stats.parquet","logger":"spotify_pipeline.gold.save_gold","dag_id":"spotify_pipeline","try_number":1,"task_id":"build_gold","map_index":-1,"run_id":"manual__2026-08-06T03:09:54.304013+00:00","ti_id":"019fd50c-812f-7b29-a69b-b411460bbcb8","filename":"save_gold.py","lineno":41}
{"timestamp":"2026-08-06T03:10:07.499632Z","level":"error","event":"{\"time\": \"2026-08-06 03:10:07,499\", \"level\": \"INFO\", \"module\": \"spotify_pipeline.utils.decorators\", \"message\": \"Completed save_to_gold in 0.25s\"}","logger":"task.stderr"}
{"timestamp":"2026-08-06T03:10:07.500098Z","level":"error","event":"{\"time\": \"2026-08-06 03:10:07,499\", \"level\": \"INFO\", \"module\": \"spotify_pipeline.utils.decorators\", \"message\": \"Starting build_explicit_analysis\"}","logger":"task.stderr"}
{"timestamp":"2026-08-06T03:10:07.499396Z","level":"info","event":"Completed save_to_gold in 0.25s","logger":"spotify_pipeline.utils.decorators","dag_id":"spotify_pipeline","try_number":1,"task_id":"build_gold","map_index":-1,"run_id":"manual__2026-08-06T03:09:54.304013+00:00","ti_id":"019fd50c-812f-7b29-a69b-b411460bbcb8","filename":"decorators.py","lineno":22}
{"timestamp":"2026-08-06T03:10:07.499595Z","level":"info","event":"Starting build_explicit_analysis","logger":"spotify_pipeline.utils.decorators","dag_id":"spotify_pipeline","try_number":1,"task_id":"build_gold","map_index":-1,"run_id":"manual__2026-08-06T03:09:54.304013+00:00","ti_id":"019fd50c-812f-7b29-a69b-b411460bbcb8","filename":"decorators.py","lineno":17}
{"timestamp":"2026-08-06T03:10:07.783269Z","level":"info","event":"Read: silver/tracks/2026/07/22/tracks.parquet → shape: (10, 11)","logger":"task.stdout"}
{"timestamp":"2026-08-06T03:10:07.842736Z","level":"info","event":"Read: silver/tracks/2026/07/24/tracks.parquet → shape: (10, 11)","logger":"task.stdout"}
{"timestamp":"2026-08-06T03:10:07.930331Z","level":"info","event":"Read: silver/tracks/2026/07/28/tracks.parquet → shape: (50, 11)","logger":"task.stdout"}
{"timestamp":"2026-08-06T03:10:07.992583Z","level":"info","event":"Read: silver/tracks/2026/08/06/tracks.parquet → shape: (49, 11)","logger":"task.stdout"}
{"timestamp":"2026-08-06T03:10:07.999508Z","level":"error","event":"{\"time\": \"2026-08-06 03:10:07,999\", \"level\": \"INFO\", \"module\": \"spotify_pipeline.utils.decorators\", \"message\": \"Completed build_explicit_analysis in 0.50s\"}","logger":"task.stderr"}
{"timestamp":"2026-08-06T03:10:08.000080Z","level":"error","event":"{\"time\": \"2026-08-06 03:10:07,999\", \"level\": \"INFO\", \"module\": \"spotify_pipeline.utils.decorators\", \"message\": \"Starting save_to_gold\"}","logger":"task.stderr"}
{"timestamp":"2026-08-06T03:10:07.999408Z","level":"info","event":"Completed build_explicit_analysis in 0.50s","logger":"spotify_pipeline.utils.decorators","dag_id":"spotify_pipeline","try_number":1,"task_id":"build_gold","map_index":-1,"run_id":"manual__2026-08-06T03:09:54.304013+00:00","ti_id":"019fd50c-812f-7b29-a69b-b411460bbcb8","filename":"decorators.py","lineno":22}
{"timestamp":"2026-08-06T03:10:07.999854Z","level":"info","event":"Starting save_to_gold","logger":"spotify_pipeline.utils.decorators","dag_id":"spotify_pipeline","try_number":1,"task_id":"build_gold","map_index":-1,"run_id":"manual__2026-08-06T03:09:54.304013+00:00","ti_id":"019fd50c-812f-7b29-a69b-b411460bbcb8","filename":"decorators.py","lineno":17}
{"timestamp":"2026-08-06T03:10:08.261508Z","level":"error","event":"{\"time\": \"2026-08-06 03:10:08,261\", \"level\": \"INFO\", \"module\": \"spotify_pipeline.gold.save_gold\", \"message\": \"Saved gold explicit_analysis to s3://spotify-transform-anna-2026/gold/explicit_analysis/2026/08/06/explicit_analysis.parquet\"}","logger":"task.stderr"}
{"timestamp":"2026-08-06T03:10:08.261423Z","level":"info","event":"Saved gold explicit_analysis to s3://spotify-transform-anna-2026/gold/explicit_analysis/2026/08/06/explicit_analysis.parquet","logger":"spotify_pipeline.gold.save_gold","dag_id":"spotify_pipeline","try_number":1,"task_id":"build_gold","map_index":-1,"run_id":"manual__2026-08-06T03:09:54.304013+00:00","ti_id":"019fd50c-812f-7b29-a69b-b411460bbcb8","filename":"save_gold.py","lineno":41}
{"timestamp":"2026-08-06T03:10:08.264801Z","level":"error","event":"{\"time\": \"2026-08-06 03:10:08,263\", \"level\": \"INFO\", \"module\": \"spotify_pipeline.utils.decorators\", \"message\": \"Completed save_to_gold in 0.26s\"}","logger":"task.stderr"}
{"timestamp":"2026-08-06T03:10:08.264750Z","level":"info","event":"Completed save_to_gold in 0.26s","logger":"spotify_pipeline.utils.decorators","dag_id":"spotify_pipeline","try_number":1,"task_id":"build_gold","map_index":-1,"run_id":"manual__2026-08-06T03:09:54.304013+00:00","ti_id":"019fd50c-812f-7b29-a69b-b411460bbcb8","filename":"decorators.py","lineno":22}
{"timestamp":"2026-08-06T03:10:08.266343Z","level":"info","event":"Done. Returned value was: None","dag_id":"spotify_pipeline","try_number":1,"task_id":"build_gold","map_index":-1,"run_id":"manual__2026-08-06T03:09:54.304013+00:00","ti_id":"019fd50c-812f-7b29-a69b-b411460bbcb8","logger":"airflow.task.operators.airflow.providers.standard.decorators.python._PythonDecoratedOperator","filename":"python.py","lineno":233}
{"timestamp":"2026-08-06T03:10:08.267615Z","level":"info","event":"::group::Post Execute","dag_id":"spotify_pipeline","try_number":1,"task_id":"build_gold","map_index":-1,"run_id":"manual__2026-08-06T03:09:54.304013+00:00","ti_id":"019fd50c-812f-7b29-a69b-b411460bbcb8","logger":"task","filename":"task_runner.py","lineno":1577}
{"timestamp":"2026-08-06T03:10:08.309160Z","level":"info","event":"::endgroup::","dag_id":"spotify_pipeline","try_number":1,"task_id":"build_gold","map_index":-1,"run_id":"manual__2026-08-06T03:09:54.304013+00:00","ti_id":"019fd50c-812f-7b29-a69b-b411460bbcb8","logger":"task","filename":"task_runner.py","lineno":2270}
